Archive member included to satisfy reference by file (symbol)

C:\Users\JCT\Documents\MCUXpressoIDE_10.0.2_411\workspace\lpc_board_ea_devkit_4088\Debug\liblpc_board_ea_devkit_4088.a(board.o)
                              ./example/src/cdc_main.o (Board_Init)
C:\Users\JCT\Documents\MCUXpressoIDE_10.0.2_411\workspace\lpc_board_ea_devkit_4088\Debug\liblpc_board_ea_devkit_4088.a(board_sysinit.o)
                              ./example/src/sysinit.o (Board_SystemInit)
C:\Users\JCT\Documents\MCUXpressoIDE_10.0.2_411\workspace\lpc_board_ea_devkit_4088\Debug\liblpc_board_ea_devkit_4088.a(uda1380.o)
                              C:\Users\JCT\Documents\MCUXpressoIDE_10.0.2_411\workspace\lpc_board_ea_devkit_4088\Debug\liblpc_board_ea_devkit_4088.a(board.o) (UDA1380_Init)
C:\Users\JCT\Documents\MCUXpressoIDE_10.0.2_411\workspace\lpc_chip_40xx\Debug\liblpc_chip_40xx.a(chip_17xx_40xx.o)
                              ./example/src/cdc_main.o (SystemCoreClockUpdate)
C:\Users\JCT\Documents\MCUXpressoIDE_10.0.2_411\workspace\lpc_chip_40xx\Debug\liblpc_chip_40xx.a(clock_17xx_40xx.o)
                              C:\Users\JCT\Documents\MCUXpressoIDE_10.0.2_411\workspace\lpc_chip_40xx\Debug\liblpc_chip_40xx.a(chip_17xx_40xx.o) (Chip_Clock_SetupPLL)
C:\Users\JCT\Documents\MCUXpressoIDE_10.0.2_411\workspace\lpc_chip_40xx\Debug\liblpc_chip_40xx.a(emc_17xx_40xx.o)
                              C:\Users\JCT\Documents\MCUXpressoIDE_10.0.2_411\workspace\lpc_board_ea_devkit_4088\Debug\liblpc_board_ea_devkit_4088.a(board_sysinit.o) (Chip_EMC_Dynamic_Init)
C:\Users\JCT\Documents\MCUXpressoIDE_10.0.2_411\workspace\lpc_chip_40xx\Debug\liblpc_chip_40xx.a(fpu_init.o)
                              ./example/src/sysinit.o (fpuInit)
C:\Users\JCT\Documents\MCUXpressoIDE_10.0.2_411\workspace\lpc_chip_40xx\Debug\liblpc_chip_40xx.a(i2c_17xx_40xx.o)
                              C:\Users\JCT\Documents\MCUXpressoIDE_10.0.2_411\workspace\lpc_board_ea_devkit_4088\Debug\liblpc_board_ea_devkit_4088.a(uda1380.o) (Chip_I2C_EventHandlerPolling)
C:\Users\JCT\Documents\MCUXpressoIDE_10.0.2_411\workspace\lpc_chip_40xx\Debug\liblpc_chip_40xx.a(i2s_17xx_40xx.o)
                              C:\Users\JCT\Documents\MCUXpressoIDE_10.0.2_411\workspace\lpc_board_ea_devkit_4088\Debug\liblpc_board_ea_devkit_4088.a(board.o) (Chip_I2S_Init)
C:\Users\JCT\Documents\MCUXpressoIDE_10.0.2_411\workspace\lpc_chip_40xx\Debug\liblpc_chip_40xx.a(iocon_17xx_40xx.o)
                              C:\Users\JCT\Documents\MCUXpressoIDE_10.0.2_411\workspace\lpc_board_ea_devkit_4088\Debug\liblpc_board_ea_devkit_4088.a(board_sysinit.o) (Chip_IOCON_SetPinMuxing)
C:\Users\JCT\Documents\MCUXpressoIDE_10.0.2_411\workspace\lpc_chip_40xx\Debug\liblpc_chip_40xx.a(ssp_17xx_40xx.o)
                              C:\Users\JCT\Documents\MCUXpressoIDE_10.0.2_411\workspace\lpc_board_ea_devkit_4088\Debug\liblpc_board_ea_devkit_4088.a(board.o) (Chip_SSP_WriteFrames_Blocking)
C:\Users\JCT\Documents\MCUXpressoIDE_10.0.2_411\workspace\lpc_chip_40xx\Debug\liblpc_chip_40xx.a(stopwatch_17xx_40xx.o)
                              ./example/src/cdc_main.o (StopWatch_Init)
C:\Users\JCT\Documents\MCUXpressoIDE_10.0.2_411\workspace\lpc_chip_40xx\Debug\liblpc_chip_40xx.a(sysctl_17xx_40xx.o)
                              C:\Users\JCT\Documents\MCUXpressoIDE_10.0.2_411\workspace\lpc_board_ea_devkit_4088\Debug\liblpc_board_ea_devkit_4088.a(board_sysinit.o) (Chip_SYSCTL_PeriphReset)
C:\Users\JCT\Documents\MCUXpressoIDE_10.0.2_411\workspace\lpc_chip_40xx\Debug\liblpc_chip_40xx.a(sysinit_17xx_40xx.o)
                              C:\Users\JCT\Documents\MCUXpressoIDE_10.0.2_411\workspace\lpc_board_ea_devkit_4088\Debug\liblpc_board_ea_devkit_4088.a(board_sysinit.o) (Chip_SetupXtalClocking)
C:\Users\JCT\Documents\MCUXpressoIDE_10.0.2_411\workspace\lpc_chip_40xx\Debug\liblpc_chip_40xx.a(timer_17xx_40xx.o)
                              C:\Users\JCT\Documents\MCUXpressoIDE_10.0.2_411\workspace\lpc_chip_40xx\Debug\liblpc_chip_40xx.a(stopwatch_17xx_40xx.o) (Chip_TIMER_Init)
C:\Users\JCT\Documents\MCUXpressoIDE_10.0.2_411\workspace\lpc_chip_40xx\libs\libusbd_40xx_lib.a(mw_usbd_rom_api.o)
                              ./example/src/cdc_main.o (cdc_api)
C:\Users\JCT\Documents\MCUXpressoIDE_10.0.2_411\workspace\lpc_chip_40xx\libs\libusbd_40xx_lib.a(hw_usbd_ip3503.o)
                              C:\Users\JCT\Documents\MCUXpressoIDE_10.0.2_411\workspace\lpc_chip_40xx\libs\libusbd_40xx_lib.a(mw_usbd_rom_api.o) (hwUSB_GetMemSize)
C:\Users\JCT\Documents\MCUXpressoIDE_10.0.2_411\workspace\lpc_chip_40xx\libs\libusbd_40xx_lib.a(mw_usbd_cdcuser.o)
                              C:\Users\JCT\Documents\MCUXpressoIDE_10.0.2_411\workspace\lpc_chip_40xx\libs\libusbd_40xx_lib.a(mw_usbd_rom_api.o) (mwCDC_SendNotification)
C:\Users\JCT\Documents\MCUXpressoIDE_10.0.2_411\workspace\lpc_chip_40xx\libs\libusbd_40xx_lib.a(mw_usbd_core.o)
[...]
Memory Configuration

Name             Origin             Length             Attributes
MFlash512        0x00000000         0x00080000         xr
RamLoc64         0x10000000         0x00010000         xrw
RamPeriph32      0x20000000         0x00008000         xrw
*default*        0x00000000         0xffffffff

Linker script and memory map

LOAD ./example/src/cdc_desc.o
LOAD ./example/src/cdc_main.o
LOAD ./example/src/cdc_vcom.o
LOAD ./example/src/cr_startup_lpc40xx.o
LOAD ./example/src/sysinit.o
LOAD C:\Users\JCT\Documents\MCUXpressoIDE_10.0.2_411\workspace\lpc_board_ea_devkit_4088\Debug\liblpc_board_ea_devkit_4088.a
LOAD C:\Users\JCT\Documents\MCUXpressoIDE_10.0.2_411\workspace\lpc_chip_40xx\Debug\liblpc_chip_40xx.a
LOAD C:\Users\JCT\Documents\MCUXpressoIDE_10.0.2_411\workspace\lpc_chip_40xx\libs\libusbd_40xx_lib.a
START GROUP
LOAD c:/system/mcuxpressoide_10.0.2_411/ide/tools/bin/../lib/gcc/arm-none-eabi/5.4.1/../../../../arm-none-eabi/lib/armv7e-m/softfp\libcr_nohost.a
LOAD c:/system/mcuxpressoide_10.0.2_411/ide/tools/bin/../lib/gcc/arm-none-eabi/5.4.1/../../../../arm-none-eabi/lib/armv7e-m/softfp\libcr_c.a
LOAD c:/system/mcuxpressoide_10.0.2_411/ide/tools/bin/../lib/gcc/arm-none-eabi/5.4.1/armv7e-m/softfp\libcr_eabihelpers.a
END GROUP
                0x00000000                __base_MFlash512 = 0x0
                0x00000000                __base_Flash = 0x0
                0x00080000                __top_MFlash512 = 0x80000
                0x00080000                __top_Flash = 0x80000
                0x10000000                __base_RamLoc64 = 0x10000000
                0x10000000                __base_RAM = 0x10000000
                0x10010000                __top_RamLoc64 = 0x10010000
                0x10010000                __top_RAM = 0x10010000
                0x20000000                __base_RamPeriph32 = 0x20000000
                0x20000000                __base_RAM2 = 0x20000000
                0x20008000                __top_RamPeriph32 = 0x20008000
                0x20008000                __top_RAM2 = 0x20008000

.text           0x00000000     0x5944
 FILL mask 0xff
                0x00000000                __vectors_start__ = ABSOLUTE (.)
 *(.isr_vector)
 .isr_vector    0x00000000       0xe4 ./example/src/cr_startup_lpc40xx.o
                0x00000000                g_pfnVectors
                0x000000e4                . = ALIGN (0x4)
                0x000000e4                __section_table_start = .
                0x000000e4                __data_section_table = .
                0x000000e4        0x4 LONG 0x5944 LOADADDR (.data)
                0x000000e8        0x4 LONG 0x10000000 ADDR (.data)
                0x000000ec        0x4 LONG 0x50 SIZEOF (.data)
                0x000000f0        0x4 LONG 0x5944 LOADADDR (.data_RAM2)
                0x000000f4        0x4 LONG 0x20000000 ADDR (.data_RAM2)
                0x000000f8        0x4 LONG 0x0 SIZEOF (.data_RAM2)
                0x000000fc                __data_section_table_end = .
                0x000000fc                __bss_section_table = .
                0x000000fc        0x4 LONG 0x10000050 ADDR (.bss)
                0x00000100        0x4 LONG 0x314 SIZEOF (.bss)
                0x00000104        0x4 LONG 0x20000000 ADDR (.bss_RAM2)
                0x00000108        0x4 LONG 0x0 SIZEOF (.bss_RAM2)
                0x0000010c                __bss_section_table_end = .
                0x0000010c                __section_table_end = .
 *(.after_vectors*)
 .after_vectors
                0x0000010c      0x168 ./example/src/cr_startup_lpc40xx.o
                0x0000010c                data_init
                0x00000150                bss_init
                0x00000188                ResetISR
                0x00000220                NMI_Handler
                0x00000228                HardFault_Handler
                0x00000230                MemManage_Handler
                0x00000238                BusFault_Handler
                0x00000240                UsageFault_Handler
                0x00000248                SVC_Handler
                0x00000250                DebugMon_Handler
                0x00000258                PendSV_Handler
                0x00000260                SysTick_Handler
                0x00000268                I2C1_IRQHandler
                0x00000268                EINT2_IRQHandler
                0x00000268                UART1_IRQHandler
                0x00000268                EINT3_IRQHandler
                0x00000268                CANActivity_IRQHandler
                0x00000268                TIMER3_IRQHandler
                0x00000268                UART0_IRQHandler
                0x00000268                I2C0_IRQHandler
                0x00000268                PWM1_IRQHandler
                0x00000268                IntDefaultHandler
                0x00000268                PLL0_IRQHandler
                0x00000268                CAN_IRQHandler
                0x00000268                PLL1_IRQHandler
                0x00000268                RIT_IRQHandler
                0x00000268                I2S_IRQHandler
                0x00000268                I2C2_IRQHandler
                0x00000268                RTC_IRQHandler
                0x00000268                TIMER0_IRQHandler
                0x00000268                SPI_IRQHandler
                0x00000268                LCD_IRQHandler
                0x00000268                SDIO_IRQHandler
                0x00000268                EINT1_IRQHandler
                0x00000268                TIMER1_IRQHandler
                0x00000268                UART2_IRQHandler
                0x00000268                UART4_IRQHandler
                0x00000268                ADC_IRQHandler
                0x00000268                SSP1_IRQHandler
                0x00000268                BOD_IRQHandler
                0x00000268                TIMER2_IRQHandler
                0x00000268                WDT_IRQHandler
                0x00000268                USBActivity_IRQHandler
                0x00000268                QEI_IRQHandler
                0x00000268                EINT0_IRQHandler
                0x00000268                ETH_IRQHandler
                0x00000268                PWM0_IRQHandler
                0x00000268                SSP2_IRQHandler
                0x00000268                EEPROM_IRQHandler
                0x00000268                SSP0_IRQHandler
                0x00000268                DMA_IRQHandler
                0x00000268                GPIO_IRQHandler
                0x00000268                UART3_IRQHandler
                0x00000268                MCPWM_IRQHandler
 *(.text*)
 .text.NVIC_EnableIRQ
                0x00000274       0x34 ./example/src/cdc_main.o
 .text.vcom_connected
                0x000002a8       0x1c ./example/src/cdc_main.o
 .text.usb_pin_clk_init
                0x000002c4       0x14 ./example/src/cdc_main.o
 .text.USB_IRQHandler
                0x000002d8       0x20 ./example/src/cdc_main.o
                0x000002d8                USB_IRQHandler
 .text.find_IntfDesc
                0x000002f8       0x60 ./example/src/cdc_main.o
                0x000002f8                find_IntfDesc
 .text.str_flip_case
                0x00000358       0x6c ./example/src/cdc_main.o
                0x00000358                str_flip_case
 .text.main     0x000003c4      0x164 ./example/src/cdc_main.o
                0x000003c4                main
 .text.NVIC_EnableIRQ
                0x00000528       0x34 ./example/src/cdc_vcom.o
 .text.NVIC_DisableIRQ
                0x0000055c       0x34 ./example/src/cdc_vcom.o
 .text.VCOM_bulk_in_hdlr
                0x00000590       0x34 ./example/src/cdc_vcom.o
 .text.VCOM_bulk_out_hdlr
                0x000005c4       0xe8 ./example/src/cdc_vcom.o
 .text.VCOM_SetLineCode
                0x000006ac       0x28 ./example/src/cdc_vcom.o
 .text.vcom_init
                0x000006d4       0xec ./example/src/cdc_vcom.o
                0x000006d4                vcom_init
 .text.vcom_bread
                0x000007c0       0x8c ./example/src/cdc_vcom.o
                0x000007c0                vcom_bread
 .text.vcom_write
                0x0000084c       0x74 ./example/src/cdc_vcom.o
                0x0000084c                vcom_write
 .text.SystemInit
                0x000008c0       0x28 ./example/src/sysinit.o
                0x000008c0                SystemInit
 .text.Chip_IOCON_Init
                0x000008e8       0x18 C:\Users\JCT\Documents\MCUXpressoIDE_10.0.2_411\workspace\lpc_board_ea_devkit_4088\Debug\liblpc_board_ea_devkit_4088.a(board.o)
 .text.Chip_IOCON_PinMuxSet
                0x00000900       0x30 C:\Users\JCT\Documents\MCUXpressoIDE_10.0.2_411\workspace\lpc_board_ea_devkit_4088\Debug\liblpc_board_ea_devkit_4088.a(board.o)
 .text.Chip_IOCON_PinMux
                0x00000930       0x2c C:\Users\JCT\Documents\MCUXpressoIDE_10.0.2_411\workspace\lpc_board_ea_devkit_4088\Debug\liblpc_board_ea_devkit_4088.a(board.o)
 .text.Chip_GPIO_Init
                0x0000095c       0x18 C:\Users\JCT\Documents\MCUXpressoIDE_10.0.2_411\workspace\lpc_board_ea_devkit_4088\Debug\liblpc_board_ea_devkit_4088.a(board.o)
 .text.Chip_GPIO_SetPinState
                0x00000974       0x6c C:\Users\JCT\Documents\MCUXpressoIDE_10.0.2_411\workspace\lpc_board_ea_devkit_4088\Debug\liblpc_board_ea_devkit_4088.a(board.o)
 .text.Chip_GPIO_WritePortBit
                0x000009e0       0x2c C:\Users\JCT\Documents\MCUXpressoIDE_10.0.2_411\workspace\lpc_board_ea_devkit_4088\Debug\liblpc_board_ea_devkit_4088.a(board.o)
 .text.Chip_GPIO_SetPinDIROutput
                0x00000a0c       0x3c C:\Users\JCT\Documents\MCUXpressoIDE_10.0.2_411\workspace\lpc_board_ea_devkit_4088\Debug\liblpc_board_ea_devkit_4088.a(board.o)
 .text.Chip_GPIO_SetPinDIRInput
                0x00000a48       0x3c C:\Users\JCT\Documents\MCUXpressoIDE_10.0.2_411\workspace\lpc_board_ea_devkit_4088\Debug\liblpc_board_ea_devkit_4088.a(board.o)
 .text.Chip_GPIO_SetPinDIR
                0x00000a84       0x44 C:\Users\JCT\Documents\MCUXpressoIDE_10.0.2_411\workspace\lpc_board_ea_devkit_4088\Debug\liblpc_board_ea_devkit_4088.a(board.o)
 .text.Chip_GPIO_WriteDirBit
                0x00000ac8       0x30 C:\Users\JCT\Documents\MCUXpressoIDE_10.0.2_411\workspace\lpc_board_ea_devkit_4088\Debug\liblpc_board_ea_devkit_4088.a(board.o)
 .text.Board_LED_Init
                0x00000af8       0x70 C:\Users\JCT\Documents\MCUXpressoIDE_10.0.2_411\workspace\lpc_board_ea_devkit_4088\Debug\liblpc_board_ea_devkit_4088.a(board.o)
 .text.Board_Init
                0x00000b68       0x20 C:\Users\JCT\Documents\MCUXpressoIDE_10.0.2_411\workspace\lpc_board_ea_devkit_4088\Debug\liblpc_board_ea_devkit_4088.a(board.o)
                0x00000b68                Board_Init
 .text.Board_USBD_Init
                0x00000b88       0xa8 C:\Users\JCT\Documents\MCUXpressoIDE_10.0.2_411\workspace\lpc_board_ea_devkit_4088\Debug\liblpc_board_ea_devkit_4088.a(board.o)
                0x00000b88                Board_USBD_Init
 .text.Chip_SYSCTL_EnableBoost
                0x00000c30       0x1c C:\Users\JCT\Documents\MCUXpressoIDE_10.0.2_411\workspace\lpc_board_ea_devkit_4088\Debug\liblpc_board_ea_devkit_4088.a(board_sysinit.o)
 .text.Chip_Clock_SetEMCClockDiv
                0x00000c4c       0x24 C:\Users\JCT\Documents\MCUXpressoIDE_10.0.2_411\workspace\lpc_board_ea_devkit_4088\Debug\liblpc_board_ea_devkit_4088.a(board_sysinit.o)
 .text.Chip_IOCON_PinMuxSet
                0x00000c70       0x30 C:\Users\JCT\Documents\MCUXpressoIDE_10.0.2_411\workspace\lpc_board_ea_devkit_4088\Debug\liblpc_board_ea_devkit_4088.a(board_sysinit.o)
 .text.Board_SetupMuxing
                0x00000ca0       0x84 C:\Users\JCT\Documents\MCUXpressoIDE_10.0.2_411\workspace\lpc_board_ea_devkit_4088\Debug\liblpc_board_ea_devkit_4088.a(board_sysinit.o)
                0x00000ca0                Board_SetupMuxing
 .text.Board_SetupClocking
                0x00000d24       0x1c C:\Users\JCT\Documents\MCUXpressoIDE_10.0.2_411\workspace\lpc_board_ea_devkit_4088\Debug\liblpc_board_ea_devkit_4088.a(board_sysinit.o)
                0x00000d24                Board_SetupClocking
 .text.Board_SetupExtMemory
                0x00000d40       0x5c C:\Users\JCT\Documents\MCUXpressoIDE_10.0.2_411\workspace\lpc_board_ea_devkit_4088\Debug\liblpc_board_ea_devkit_4088.a(board_sysinit.o)
                0x00000d40                Board_SetupExtMemory
 .text.Board_SystemInit
                0x00000d9c       0x14 C:\Users\JCT\Documents\MCUXpressoIDE_10.0.2_411\workspace\lpc_board_ea_devkit_4088\Debug\liblpc_board_ea_devkit_4088.a(board_sysinit.o)
                0x00000d9c                Board_SystemInit
 .text.Chip_Clock_GetPLLStatus
                0x00000db0       0x28 C:\Users\JCT\Documents\MCUXpressoIDE_10.0.2_411\workspace\lpc_chip_40xx\Debug\liblpc_chip_40xx.a(chip_17xx_40xx.o)
 .text.SystemCoreClockUpdate
                0x00000dd8       0x18 C:\Users\JCT\Documents\MCUXpressoIDE_10.0.2_411\workspace\lpc_chip_40xx\Debug\liblpc_chip_40xx.a(chip_17xx_40xx.o)
                0x00000dd8                SystemCoreClockUpdate
 .text.Chip_USB_Init
                0x00000df0       0x40 C:\Users\JCT\Documents\MCUXpressoIDE_10.0.2_411\workspace\lpc_chip_40xx\Debug\liblpc_chip_40xx.a(chip_17xx_40xx.o)
                0x00000df0                Chip_USB_Init
 .text.Chip_Clock_IsMainPLLEnabled
                0x00000e30       0x28 C:\Users\JCT\Documents\MCUXpressoIDE_10.0.2_411\workspace\lpc_chip_40xx\Debug\liblpc_chip_40xx.a(clock_17xx_40xx.o)
 .text.Chip_Clock_FeedPLL
                0x00000e58       0x38 C:\Users\JCT\Documents\MCUXpressoIDE_10.0.2_411\workspace\lpc_chip_40xx\Debug\liblpc_chip_40xx.a(clock_17xx_40xx.o)
 .text.Chip_Clock_GetMainPLLSource
                0x00000e90       0x20 C:\Users\JCT\Documents\MCUXpressoIDE_10.0.2_411\workspace\lpc_chip_40xx\Debug\liblpc_chip_40xx.a(clock_17xx_40xx.o)
 .text.Chip_Clock_GetMainOscRate
                0x00000eb0       0x18 C:\Users\JCT\Documents\MCUXpressoIDE_10.0.2_411\workspace\lpc_chip_40xx\Debug\liblpc_chip_40xx.a(clock_17xx_40xx.o)
 .text.Chip_Clock_GetIntOscRate
                0x00000ec8       0x14 C:\Users\JCT\Documents\MCUXpressoIDE_10.0.2_411\workspace\lpc_chip_40xx\Debug\liblpc_chip_40xx.a(clock_17xx_40xx.o)
 .text.Chip_Clock_GetMainPLLInClockRate
                0x00000edc       0x10 C:\Users\JCT\Documents\MCUXpressoIDE_10.0.2_411\workspace\lpc_chip_40xx\Debug\liblpc_chip_40xx.a(clock_17xx_40xx.o)
 .text.Chip_Clock_EnablePLL
                0x00000eec       0x44 C:\Users\JCT\Documents\MCUXpressoIDE_10.0.2_411\workspace\lpc_chip_40xx\Debug\liblpc_chip_40xx.a(clock_17xx_40xx.o)
                0x00000eec                Chip_Clock_EnablePLL
 .text.Chip_Clock_DisablePLL
                0x00000f30       0x48 C:\Users\JCT\Documents\MCUXpressoIDE_10.0.2_411\workspace\lpc_chip_40xx\Debug\liblpc_chip_40xx.a(clock_17xx_40xx.o)
                0x00000f30                Chip_Clock_DisablePLL
 .text.Chip_Clock_SetupPLL
                0x00000f78       0x4c C:\Users\JCT\Documents\MCUXpressoIDE_10.0.2_411\workspace\lpc_chip_40xx\Debug\liblpc_chip_40xx.a(clock_17xx_40xx.o)
                0x00000f78                Chip_Clock_SetupPLL
 .text.Chip_Clock_EnablePeriphClock
                0x00000fc4       0x54 C:\Users\JCT\Documents\MCUXpressoIDE_10.0.2_411\workspace\lpc_chip_40xx\Debug\liblpc_chip_40xx.a(clock_17xx_40xx.o)
                0x00000fc4                Chip_Clock_EnablePeriphClock
 .text.Chip_Clock_SetCPUClockSource
                0x00001018       0x44 C:\Users\JCT\Documents\MCUXpressoIDE_10.0.2_411\workspace\lpc_chip_40xx\Debug\liblpc_chip_40xx.a(clock_17xx_40xx.o)
                0x00001018                Chip_Clock_SetCPUClockSource
 .text.Chip_Clock_GetCPUClockSource
                0x0000105c       0x30 C:\Users\JCT\Documents\MCUXpressoIDE_10.0.2_411\workspace\lpc_chip_40xx\Debug\liblpc_chip_40xx.a(clock_17xx_40xx.o)
                0x0000105c                Chip_Clock_GetCPUClockSource
 .text.Chip_Clock_SetCPUClockDiv
                0x0000108c       0x30 C:\Users\JCT\Documents\MCUXpressoIDE_10.0.2_411\workspace\lpc_chip_40xx\Debug\liblpc_chip_40xx.a(clock_17xx_40xx.o)
                0x0000108c                Chip_Clock_SetCPUClockDiv
 .text.Chip_Clock_GetCPUClockDiv
                0x000010bc       0x1c C:\Users\JCT\Documents\MCUXpressoIDE_10.0.2_411\workspace\lpc_chip_40xx\Debug\liblpc_chip_40xx.a(clock_17xx_40xx.o)
                0x000010bc                Chip_Clock_GetCPUClockDiv
 .text.Chip_Clock_GetSYSCLKRate
                0x000010d8       0x2c C:\Users\JCT\Documents\MCUXpressoIDE_10.0.2_411\workspace\lpc_chip_40xx\Debug\liblpc_chip_40xx.a(clock_17xx_40xx.o)
                0x000010d8                Chip_Clock_GetSYSCLKRate
 .text.Chip_Clock_GetMainPLLOutClockRate
                0x00001104       0x40 C:\Users\JCT\Documents\MCUXpressoIDE_10.0.2_411\workspace\lpc_chip_40xx\Debug\liblpc_chip_40xx.a(clock_17xx_40xx.o)
                0x00001104                Chip_Clock_GetMainPLLOutClockRate
 .text.Chip_Clock_GetMainClockRate
                0x00001144       0x28 C:\Users\JCT\Documents\MCUXpressoIDE_10.0.2_411\workspace\lpc_chip_40xx\Debug\liblpc_chip_40xx.a(clock_17xx_40xx.o)
                0x00001144                Chip_Clock_GetMainClockRate
 .text.Chip_Clock_GetSystemClockRate
                0x0000116c       0x18 C:\Users\JCT\Documents\MCUXpressoIDE_10.0.2_411\workspace\lpc_chip_40xx\Debug\liblpc_chip_40xx.a(clock_17xx_40xx.o)
                0x0000116c                Chip_Clock_GetSystemClockRate
 .text.Chip_Clock_SetSPIFIClockSource
                0x00001184       0x34 C:\Users\JCT\Documents\MCUXpressoIDE_10.0.2_411\workspace\lpc_chip_40xx\Debug\liblpc_chip_40xx.a(clock_17xx_40xx.o)
                0x00001184                Chip_Clock_SetSPIFIClockSource
 .text.Chip_Clock_SetSPIFIClockDiv
                0x000011b8       0x30 C:\Users\JCT\Documents\MCUXpressoIDE_10.0.2_411\workspace\lpc_chip_40xx\Debug\liblpc_chip_40xx.a(clock_17xx_40xx.o)
                0x000011b8                Chip_Clock_SetSPIFIClockDiv
 .text.Chip_Clock_GetEMCClockDiv
                0x000011e8       0x1c C:\Users\JCT\Documents\MCUXpressoIDE_10.0.2_411\workspace\lpc_chip_40xx\Debug\liblpc_chip_40xx.a(emc_17xx_40xx.o)
 .text.Chip_Clock_GetEMCClockRate
                0x00001204       0x18 C:\Users\JCT\Documents\MCUXpressoIDE_10.0.2_411\workspace\lpc_chip_40xx\Debug\liblpc_chip_40xx.a(emc_17xx_40xx.o)
 .text.convertTimmingParam
                0x0000121c       0x6c C:\Users\JCT\Documents\MCUXpressoIDE_10.0.2_411\workspace\lpc_chip_40xx\Debug\liblpc_chip_40xx.a(emc_17xx_40xx.o)
 .text.getColsLen
                0x00001288       0x50 C:\Users\JCT\Documents\MCUXpressoIDE_10.0.2_411\workspace\lpc_chip_40xx\Debug\liblpc_chip_40xx.a(emc_17xx_40xx.o)
 .text.initDynMem
                0x000012d8      0x294 C:\Users\JCT\Documents\MCUXpressoIDE_10.0.2_411\workspace\lpc_chip_40xx\Debug\liblpc_chip_40xx.a(emc_17xx_40xx.o)
                0x000012d8                initDynMem
 .text.initStaticMem
                0x0000156c       0xb0 C:\Users\JCT\Documents\MCUXpressoIDE_10.0.2_411\workspace\lpc_chip_40xx\Debug\liblpc_chip_40xx.a(emc_17xx_40xx.o)
                0x0000156c                initStaticMem
 .text.Chip_EMC_Dynamic_Init
                0x0000161c       0x24 C:\Users\JCT\Documents\MCUXpressoIDE_10.0.2_411\workspace\lpc_chip_40xx\Debug\liblpc_chip_40xx.a(emc_17xx_40xx.o)
                0x0000161c                Chip_EMC_Dynamic_Init
 .text.Chip_EMC_Static_Init
                0x00001640       0x24 C:\Users\JCT\Documents\MCUXpressoIDE_10.0.2_411\workspace\lpc_chip_40xx\Debug\liblpc_chip_40xx.a(emc_17xx_40xx.o)
                0x00001640                Chip_EMC_Static_Init
 .text.Chip_EMC_Init
                0x00001664       0x50 C:\Users\JCT\Documents\MCUXpressoIDE_10.0.2_411\workspace\lpc_chip_40xx\Debug\liblpc_chip_40xx.a(emc_17xx_40xx.o)
                0x00001664                Chip_EMC_Init
 .text.fpuInit  0x000016b4       0x74 C:\Users\JCT\Documents\MCUXpressoIDE_10.0.2_411\workspace\lpc_chip_40xx\Debug\liblpc_chip_40xx.a(fpu_init.o)
                0x000016b4                fpuInit
 .text.Chip_IOCON_PinMuxSet
                0x00001728       0x30 C:\Users\JCT\Documents\MCUXpressoIDE_10.0.2_411\workspace\lpc_chip_40xx\Debug\liblpc_chip_40xx.a(iocon_17xx_40xx.o)
 .text.Chip_IOCON_SetPinMuxing
                0x00001758       0x64 C:\Users\JCT\Documents\MCUXpressoIDE_10.0.2_411\workspace\lpc_chip_40xx\Debug\liblpc_chip_40xx.a(iocon_17xx_40xx.o)
                0x00001758                Chip_IOCON_SetPinMuxing
 .text.Chip_TIMER_Enable
                0x000017bc       0x20 C:\Users\JCT\Documents\MCUXpressoIDE_10.0.2_411\workspace\lpc_chip_40xx\Debug\liblpc_chip_40xx.a(stopwatch_17xx_40xx.o)
 .text.Chip_TIMER_PrescaleSet
                0x000017dc       0x1c C:\Users\JCT\Documents\MCUXpressoIDE_10.0.2_411\workspace\lpc_chip_40xx\Debug\liblpc_chip_40xx.a(stopwatch_17xx_40xx.o)
 .text.StopWatch_Init
                0x000017f8       0x74 C:\Users\JCT\Documents\MCUXpressoIDE_10.0.2_411\workspace\lpc_chip_40xx\Debug\liblpc_chip_40xx.a(stopwatch_17xx_40xx.o)
                0x000017f8                StopWatch_Init
 .text.Chip_SYSCTL_PeriphReset
                0x0000186c       0x68 C:\Users\JCT\Documents\MCUXpressoIDE_10.0.2_411\workspace\lpc_chip_40xx\Debug\liblpc_chip_40xx.a(sysctl_17xx_40xx.o)
                0x0000186c                Chip_SYSCTL_PeriphReset
 .text.Chip_Clock_IsMainPLLEnabled
                0x000018d4       0x28 C:\Users\JCT\Documents\MCUXpressoIDE_10.0.2_411\workspace\lpc_chip_40xx\Debug\liblpc_chip_40xx.a(sysinit_17xx_40xx.o)
 .text.Chip_Clock_IsMainPLLLocked
                0x000018fc       0x28 C:\Users\JCT\Documents\MCUXpressoIDE_10.0.2_411\workspace\lpc_chip_40xx\Debug\liblpc_chip_40xx.a(sysinit_17xx_40xx.o)
 .text.Chip_Clock_EnableCrystal
                0x00001924       0x24 C:\Users\JCT\Documents\MCUXpressoIDE_10.0.2_411\workspace\lpc_chip_40xx\Debug\liblpc_chip_40xx.a(sysinit_17xx_40xx.o)
 .text.Chip_Clock_IsCrystalEnabled
                0x00001948       0x28 C:\Users\JCT\Documents\MCUXpressoIDE_10.0.2_411\workspace\lpc_chip_40xx\Debug\liblpc_chip_40xx.a(sysinit_17xx_40xx.o)
 .text.Chip_Clock_SetMainPLLSource
                0x00001970       0x24 C:\Users\JCT\Documents\MCUXpressoIDE_10.0.2_411\workspace\lpc_chip_40xx\Debug\liblpc_chip_40xx.a(sysinit_17xx_40xx.o)
 .text.Chip_Clock_SetPCLKDiv
                0x00001994       0x20 C:\Users\JCT\Documents\MCUXpressoIDE_10.0.2_411\workspace\lpc_chip_40xx\Debug\liblpc_chip_40xx.a(sysinit_17xx_40xx.o)
 .text.Chip_SetupXtalClocking
                0x000019b4       0x84 C:\Users\JCT\Documents\MCUXpressoIDE_10.0.2_411\workspace\lpc_chip_40xx\Debug\liblpc_chip_40xx.a(sysinit_17xx_40xx.o)
                0x000019b4                Chip_SetupXtalClocking
 .text.Chip_Timer_GetClockIndex
                0x00001a38       0x50 C:\Users\JCT\Documents\MCUXpressoIDE_10.0.2_411\workspace\lpc_chip_40xx\Debug\liblpc_chip_40xx.a(timer_17xx_40xx.o)
 .text.Chip_TIMER_Init
                0x00001a88       0x20 C:\Users\JCT\Documents\MCUXpressoIDE_10.0.2_411\workspace\lpc_chip_40xx\Debug\liblpc_chip_40xx.a(timer_17xx_40xx.o)
                0x00001a88                Chip_TIMER_Init
 .text.EPAdr    0x00001aa8       0x10 C:\Users\JCT\Documents\MCUXpressoIDE_10.0.2_411\workspace\lpc_chip_40xx\libs\libusbd_40xx_lib.a(hw_usbd_ip3503.o)
                0x00001aa8                EPAdr
 .text.hwWrCmd  0x00001ab8       0x10 C:\Users\JCT\Documents\MCUXpressoIDE_10.0.2_411\workspace\lpc_chip_40xx\libs\libusbd_40xx_lib.a(hw_usbd_ip3503.o)
                0x00001ab8                hwWrCmd
 .text.hwWrCmdDat
                0x00001ac8       0x16 C:\Users\JCT\Documents\MCUXpressoIDE_10.0.2_411\workspace\lpc_chip_40xx\libs\libusbd_40xx_lib.a(hw_usbd_ip3503.o)
                0x00001ac8                hwWrCmdDat
 .text.hwWrCmdEP
                0x00001ade       0x24 C:\Users\JCT\Documents\MCUXpressoIDE_10.0.2_411\workspace\lpc_chip_40xx\libs\libusbd_40xx_lib.a(hw_usbd_ip3503.o)
                0x00001ade                hwWrCmdEP
 .text.hwRdCmdDat
                0x00001b02       0x12 C:\Users\JCT\Documents\MCUXpressoIDE_10.0.2_411\workspace\lpc_chip_40xx\libs\libusbd_40xx_lib.a(hw_usbd_ip3503.o)
                0x00001b02                hwRdCmdDat
 .text.hwUSB_GetMemSize
                0x00001b14        0x6 C:\Users\JCT\Documents\MCUXpressoIDE_10.0.2_411\workspace\lpc_chip_40xx\libs\libusbd_40xx_lib.a(hw_usbd_ip3503.o)
                0x00001b14                hwUSB_GetMemSize
 *fill*         0x00001b1a        0x2 ff
 .text.hwUSB_Connect
                0x00001b1c       0x1c C:\Users\JCT\Documents\MCUXpressoIDE_10.0.2_411\workspace\lpc_chip_40xx\libs\libusbd_40xx_lib.a(hw_usbd_ip3503.o)
                0x00001b1c                hwUSB_Connect
 .text.hwUSB_Reset
                0x00001b38       0x30 C:\Users\JCT\Documents\MCUXpressoIDE_10.0.2_411\workspace\lpc_chip_40xx\libs\libusbd_40xx_lib.a(hw_usbd_ip3503.o)
                0x00001b38                hwUSB_Reset
 .text.hwUSB_WakeUp
                0x00001b68       0x20 C:\Users\JCT\Documents\MCUXpressoIDE_10.0.2_411\workspace\lpc_chip_40xx\libs\libusbd_40xx_lib.a(hw_usbd_ip3503.o)
                0x00001b68                hwUSB_WakeUp
 .text.hwUSB_WakeUpCfg
                0x00001b88        0x2 C:\Users\JCT\Documents\MCUXpressoIDE_10.0.2_411\workspace\lpc_chip_40xx\libs\libusbd_40xx_lib.a(hw_usbd_ip3503.o)
                0x00001b88                hwUSB_WakeUpCfg
 *fill*         0x00001b8a        0x2 ff
 .text.hwUSB_SetAddress
                0x00001b8c       0x30 C:\Users\JCT\Documents\MCUXpressoIDE_10.0.2_411\workspace\lpc_chip_40xx\libs\libusbd_40xx_lib.a(hw_usbd_ip3503.o)
                0x00001b8c                hwUSB_SetAddress
 .text.hwUSB_Init
                0x00001bbc       0x84 C:\Users\JCT\Documents\MCUXpressoIDE_10.0.2_411\workspace\lpc_chip_40xx\libs\libusbd_40xx_lib.a(hw_usbd_ip3503.o)
                0x00001bbc                hwUSB_Init
 .text.hwUSB_Configure
                0x00001c40       0x34 C:\Users\JCT\Documents\MCUXpressoIDE_10.0.2_411\workspace\lpc_chip_40xx\libs\libusbd_40xx_lib.a(hw_usbd_ip3503.o)
                0x00001c40                hwUSB_Configure
 .text.hwUSB_ConfigEP
                0x00001c74       0x32 C:\Users\JCT\Documents\MCUXpressoIDE_10.0.2_411\workspace\lpc_chip_40xx\libs\libusbd_40xx_lib.a(hw_usbd_ip3503.o)
                0x00001c74                hwUSB_ConfigEP
 .text.hwUSB_DirCtrlEP
                0x00001ca6        0x2 C:\Users\JCT\Documents\MCUXpressoIDE_10.0.2_411\workspace\lpc_chip_40xx\libs\libusbd_40xx_lib.a(hw_usbd_ip3503.o)
                0x00001ca6                hwUSB_DirCtrlEP
 .text.hwUSB_EnableEP
                0x00001ca8       0x24 C:\Users\JCT\Documents\MCUXpressoIDE_10.0.2_411\workspace\lpc_chip_40xx\libs\libusbd_40xx_lib.a(hw_usbd_ip3503.o)
                0x00001ca8                hwUSB_EnableEP
 .text.hwUSB_DisableEP
                0x00001ccc       0x28 C:\Users\JCT\Documents\MCUXpressoIDE_10.0.2_411\workspace\lpc_chip_40xx\libs\libusbd_40xx_lib.a(hw_usbd_ip3503.o)
                0x00001ccc                hwUSB_DisableEP
 .text.hwUSB_ResetEP
                0x00001cf4       0x24 C:\Users\JCT\Documents\MCUXpressoIDE_10.0.2_411\workspace\lpc_chip_40xx\libs\libusbd_40xx_lib.a(hw_usbd_ip3503.o)
                0x00001cf4                hwUSB_ResetEP
 .text.hwUSB_SetStallEP
                0x00001d18       0x28 C:\Users\JCT\Documents\MCUXpressoIDE_10.0.2_411\workspace\lpc_chip_40xx\libs\libusbd_40xx_lib.a(hw_usbd_ip3503.o)
                0x00001d18                hwUSB_SetStallEP
 .text.hwUSB_ClrStallEP
                0x00001d40       0x24 C:\Users\JCT\Documents\MCUXpressoIDE_10.0.2_411\workspace\lpc_chip_40xx\libs\libusbd_40xx_lib.a(hw_usbd_ip3503.o)
                0x00001d40                hwUSB_ClrStallEP
 .text.hwUSB_EnableEvent
                0x00001d64       0xd8 C:\Users\JCT\Documents\MCUXpressoIDE_10.0.2_411\workspace\lpc_chip_40xx\libs\libusbd_40xx_lib.a(hw_usbd_ip3503.o)
                0x00001d64                hwUSB_EnableEvent
 .text.hwUSB_ReadEP
                0x00001e3c       0x80 C:\Users\JCT\Documents\MCUXpressoIDE_10.0.2_411\workspace\lpc_chip_40xx\libs\libusbd_40xx_lib.a(hw_usbd_ip3503.o)
                0x00001e3c                hwUSB_ReadEP
 .text.hwUSB_ForceFullSpeed
                0x00001ebc        0x2 C:\Users\JCT\Documents\MCUXpressoIDE_10.0.2_411\workspace\lpc_chip_40xx\libs\libusbd_40xx_lib.a(hw_usbd_ip3503.o)
                0x00001ebc                hwUSB_ForceFullSpeed
 .text.hwUSB_SetTestMode
                0x00001ebe        0x4 C:\Users\JCT\Documents\MCUXpressoIDE_10.0.2_411\workspace\lpc_chip_40xx\libs\libusbd_40xx_lib.a(hw_usbd_ip3503.o)
                0x00001ebe                hwUSB_SetTestMode
 .text.hwUSB_ReadReqEP
                0x00001ec2        0x4 C:\Users\JCT\Documents\MCUXpressoIDE_10.0.2_411\workspace\lpc_chip_40xx\libs\libusbd_40xx_lib.a(hw_usbd_ip3503.o)
                0x00001ec2                hwUSB_ReadReqEP
 .text.hwUSB_ReadSetupPkt
                0x00001ec6        0x4 C:\Users\JCT\Documents\MCUXpressoIDE_10.0.2_411\workspace\lpc_chip_40xx\libs\libusbd_40xx_lib.a(hw_usbd_ip3503.o)
                0x00001ec6                hwUSB_ReadSetupPkt
 *fill*         0x00001eca        0x2 ff
 .text.hwUSB_WriteEP
                0x00001ecc       0x44 C:\Users\JCT\Documents\MCUXpressoIDE_10.0.2_411\workspace\lpc_chip_40xx\libs\libusbd_40xx_lib.a(hw_usbd_ip3503.o)
                0x00001ecc                hwUSB_WriteEP
 .text.hwUSB_ISR
                0x00001f10      0x1a0 C:\Users\JCT\Documents\MCUXpressoIDE_10.0.2_411\workspace\lpc_chip_40xx\libs\libusbd_40xx_lib.a(hw_usbd_ip3503.o)
                0x00001f10                hwUSB_ISR
 .text.mwCDC_SetRequest
                0x000020b0       0x7c C:\Users\JCT\Documents\MCUXpressoIDE_10.0.2_411\workspace\lpc_chip_40xx\libs\libusbd_40xx_lib.a(mw_usbd_cdcuser.o)
                0x000020b0                mwCDC_SetRequest
 .text.mwCDC_ep0_hdlr
                0x0000212c       0xb0 C:\Users\JCT\Documents\MCUXpressoIDE_10.0.2_411\workspace\lpc_chip_40xx\libs\libusbd_40xx_lib.a(mw_usbd_cdcuser.o)
                0x0000212c                mwCDC_ep0_hdlr
 .text.mwCDC_GetRequest
                0x000021dc       0x50 C:\Users\JCT\Documents\MCUXpressoIDE_10.0.2_411\workspace\lpc_chip_40xx\libs\libusbd_40xx_lib.a(mw_usbd_cdcuser.o)
                0x000021dc                mwCDC_GetRequest
 .text.mwCDC_SendNotification
                0x0000222c       0x50 C:\Users\JCT\Documents\MCUXpressoIDE_10.0.2_411\workspace\lpc_chip_40xx\libs\libusbd_40xx_lib.a(mw_usbd_cdcuser.o)
                0x0000222c                mwCDC_SendNotification
 .text.mwCDC_GetMemSize
                0x0000227c        0x4 C:\Users\JCT\Documents\MCUXpressoIDE_10.0.2_411\workspace\lpc_chip_40xx\libs\libusbd_40xx_lib.a(mw_usbd_cdcuser.o)
                0x0000227c                mwCDC_GetMemSize
 .text.mwCDC_init
                0x00002280      0x140 C:\Users\JCT\Documents\MCUXpressoIDE_10.0.2_411\workspace\lpc_chip_40xx\libs\libusbd_40xx_lib.a(mw_usbd_cdcuser.o)
                0x00002280                mwCDC_init
 .text.USB_ReqGetConfiguration
                0x000023c0       0x20 C:\Users\JCT\Documents\MCUXpressoIDE_10.0.2_411\workspace\lpc_chip_40xx\libs\libusbd_40xx_lib.a(mw_usbd_core.o)
                0x000023c0                USB_ReqGetConfiguration
 .text.USBD_virt_to_phys
                0x000023e0        0x2 C:\Users\JCT\Documents\MCUXpressoIDE_10.0.2_411\workspace\lpc_chip_40xx\libs\libusbd_40xx_lib.a(mw_usbd_core.o)
                0x000023e0                USBD_virt_to_phys
 .text.USBD_cache_flush
                0x000023e2        0x2 C:\Users\JCT\Documents\MCUXpressoIDE_10.0.2_411\workspace\lpc_chip_40xx\libs\libusbd_40xx_lib.a(mw_usbd_core.o)
                0x000023e2                USBD_cache_flush
 .text.USB_ReqGetStatus
                0x000023e4       0x8c C:\Users\JCT\Documents\MCUXpressoIDE_10.0.2_411\workspace\lpc_chip_40xx\libs\libusbd_40xx_lib.a(mw_usbd_core.o)
                0x000023e4                USB_ReqGetStatus
 .text.USB_ReqGetDescriptor
                0x00002470       0x84 C:\Users\JCT\Documents\MCUXpressoIDE_10.0.2_411\workspace\lpc_chip_40xx\libs\libusbd_40xx_lib.a(mw_usbd_core.o)
                0x00002470                USB_ReqGetDescriptor
 .text.USB_ReqGetInterface
                0x000024f4       0x34 C:\Users\JCT\Documents\MCUXpressoIDE_10.0.2_411\workspace\lpc_chip_40xx\libs\libusbd_40xx_lib.a(mw_usbd_core.o)
                0x000024f4                USB_ReqGetInterface
 .text.USB_ReqSetClrFeature
                0x00002528       0xb4 C:\Users\JCT\Documents\MCUXpressoIDE_10.0.2_411\workspace\lpc_chip_40xx\libs\libusbd_40xx_lib.a(mw_usbd_core.o)
                0x00002528                USB_ReqSetClrFeature
 .text.USB_ReqSetConfiguration
                0x000025dc      0x194 C:\Users\JCT\Documents\MCUXpressoIDE_10.0.2_411\workspace\lpc_chip_40xx\libs\libusbd_40xx_lib.a(mw_usbd_core.o)
                0x000025dc                USB_ReqSetConfiguration
 .text.USB_ReqSetInterface
                0x00002770      0x144 C:\Users\JCT\Documents\MCUXpressoIDE_10.0.2_411\workspace\lpc_chip_40xx\libs\libusbd_40xx_lib.a(mw_usbd_core.o)
                0x00002770                USB_ReqSetInterface
 .text.mwUSB_SetupStage
                0x000028b4        0xa C:\Users\JCT\Documents\MCUXpressoIDE_10.0.2_411\workspace\lpc_chip_40xx\libs\libusbd_40xx_lib.a(mw_usbd_core.o)
                0x000028b4                mwUSB_SetupStage
 .text.mwUSB_DataInStage
                0x000028be       0x2e C:\Users\JCT\Documents\MCUXpressoIDE_10.0.2_411\workspace\lpc_chip_40xx\libs\libusbd_40xx_lib.a(mw_usbd_core.o)
                0x000028be                mwUSB_DataInStage
 .text.mwUSB_DataOutStage
                0x000028ec       0x24 C:\Users\JCT\Documents\MCUXpressoIDE_10.0.2_411\workspace\lpc_chip_40xx\libs\libusbd_40xx_lib.a(mw_usbd_core.o)
                0x000028ec                mwUSB_DataOutStage
 .text.mwUSB_StatusInStage
                0x00002910        0xa C:\Users\JCT\Documents\MCUXpressoIDE_10.0.2_411\workspace\lpc_chip_40xx\libs\libusbd_40xx_lib.a(mw_usbd_core.o)
                0x00002910                mwUSB_StatusInStage
 .text.mwUSB_StatusOutStage
                0x0000291a        0xa C:\Users\JCT\Documents\MCUXpressoIDE_10.0.2_411\workspace\lpc_chip_40xx\libs\libusbd_40xx_lib.a(mw_usbd_core.o)
                0x0000291a                mwUSB_StatusOutStage
 .text.mwUSB_StallEp0
                0x00002924       0x12 C:\Users\JCT\Documents\MCUXpressoIDE_10.0.2_411\workspace\lpc_chip_40xx\libs\libusbd_40xx_lib.a(mw_usbd_core.o)
                0x00002924                mwUSB_StallEp0
 *fill*         0x00002936        0x2 ff
 .text.USB_ReqSetAddress
                0x00002938       0x24 C:\Users\JCT\Documents\MCUXpressoIDE_10.0.2_411\workspace\lpc_chip_40xx\libs\libusbd_40xx_lib.a(mw_usbd_core.o)
                0x00002938                USB_ReqSetAddress
 .text.USB_InvokeEp0Hdlrs
                0x0000295c       0x44 C:\Users\JCT\Documents\MCUXpressoIDE_10.0.2_411\workspace\lpc_chip_40xx\libs\libusbd_40xx_lib.a(mw_usbd_core.o)
                0x0000295c                USB_InvokeEp0Hdlrs
 .text.mwUSB_ResetCore
                0x000029a0       0x26 C:\Users\JCT\Documents\MCUXpressoIDE_10.0.2_411\workspace\lpc_chip_40xx\libs\libusbd_40xx_lib.a(mw_usbd_core.o)
                0x000029a0                mwUSB_ResetCore
 *fill*         0x000029c6        0x2 ff
 .text.USB_EvtSetupHandler
                0x000029c8      0x108 C:\Users\JCT\Documents\MCUXpressoIDE_10.0.2_411\workspace\lpc_chip_40xx\libs\libusbd_40xx_lib.a(mw_usbd_core.o)
                0x000029c8                USB_EvtSetupHandler
 .text.USB_EvtOutHandler
                0x00002ad0       0x68 C:\Users\JCT\Documents\MCUXpressoIDE_10.0.2_411\workspace\lpc_chip_40xx\libs\libusbd_40xx_lib.a(mw_usbd_core.o)
                0x00002ad0                USB_EvtOutHandler
 .text.USB_EndPoint0
                0x00002b38       0x94 C:\Users\JCT\Documents\MCUXpressoIDE_10.0.2_411\workspace\lpc_chip_40xx\libs\libusbd_40xx_lib.a(mw_usbd_core.o)
                0x00002b38                USB_EndPoint0
 .text.mwUSB_InitCore
                0x00002bcc       0xdc C:\Users\JCT\Documents\MCUXpressoIDE_10.0.2_411\workspace\lpc_chip_40xx\libs\libusbd_40xx_lib.a(mw_usbd_core.o)
                0x00002bcc                mwUSB_InitCore
 .text.mwUSB_RegisterClassHandler
                0x00002ca8       0x28 C:\Users\JCT\Documents\MCUXpressoIDE_10.0.2_411\workspace\lpc_chip_40xx\libs\libusbd_40xx_lib.a(mw_usbd_core.o)
                0x00002ca8                mwUSB_RegisterClassHandler
 .text.mwUSB_RegisterEpHandler
                0x00002cd0       0x24 C:\Users\JCT\Documents\MCUXpressoIDE_10.0.2_411\workspace\lpc_chip_40xx\libs\libusbd_40xx_lib.a(mw_usbd_core.o)
                0x00002cd0                mwUSB_RegisterEpHandler
 .text.__main   0x00002cf4        0xe c:/system/mcuxpressoide_10.0.2_411/ide/tools/bin/../lib/gcc/arm-none-eabi/5.4.1/../../../../arm-none-eabi/lib/armv7e-m/softfp\libcr_nohost.a(_cr__main.o)
                0x00002cf4                __main
 .text.memcpy   0x00002d02        0x4 c:/system/mcuxpressoide_10.0.2_411/ide/tools/bin/../lib/gcc/arm-none-eabi/5.4.1/../../../../arm-none-eabi/lib/armv7e-m/softfp\libcr_c.a(memcpy.o)
                0x00002d02                memcpy
 .text.memset   0x00002d06        0x4 c:/system/mcuxpressoide_10.0.2_411/ide/tools/bin/../lib/gcc/arm-none-eabi/5.4.1/../../../../arm-none-eabi/lib/armv7e-m/softfp\libcr_c.a(memset.o)
                0x00002d06                memset
 *fill*         0x00002d0a        0x2 ff
 .text.tolower  0x00002d0c       0x14 c:/system/mcuxpressoide_10.0.2_411/ide/tools/bin/../lib/gcc/arm-none-eabi/5.4.1/../../../../arm-none-eabi/lib/armv7e-m/softfp\libcr_c.a(ctype.o)
                0x00002d0c                tolower
 .text.toupper  0x00002d20       0x14 c:/system/mcuxpressoide_10.0.2_411/ide/tools/bin/../lib/gcc/arm-none-eabi/5.4.1/../../../../arm-none-eabi/lib/armv7e-m/softfp\libcr_c.a(ctype.o)
                0x00002d20                toupper
 .text.fp_round
                0x00002d34       0x4e c:/system/mcuxpressoide_10.0.2_411/ide/tools/bin/../lib/gcc/arm-none-eabi/5.4.1/../../../../arm-none-eabi/lib/armv7e-m/softfp\libcr_c.a(fpprintf.o)
 .text.pr_dec.constprop.1
                0x00002d82       0x26 c:/system/mcuxpressoide_10.0.2_411/ide/tools/bin/../lib/gcc/arm-none-eabi/5.4.1/../../../../arm-none-eabi/lib/armv7e-m/softfp\libcr_c.a(fpprintf.o)
 .text.sprintf  0x00002da8       0x6c c:/system/mcuxpressoide_10.0.2_411/ide/tools/bin/../lib/gcc/arm-none-eabi/5.4.1/../../../../arm-none-eabi/lib/armv7e-m/softfp\libcr_c.a(fpprintf.o)
                0x00002da8                sprintf
 *fill*         0x00002e14        0x4 ff
 .text.fp_display
                0x00002e18      0x8f8 c:/system/mcuxpressoide_10.0.2_411/ide/tools/bin/../lib/gcc/arm-none-eabi/5.4.1/../../../../arm-none-eabi/lib/armv7e-m/softfp\libcr_c.a(fpprintf.o)
 .text.vsnprintf
                0x00003710       0x5c c:/system/mcuxpressoide_10.0.2_411/ide/tools/bin/../lib/gcc/arm-none-eabi/5.4.1/../../../../arm-none-eabi/lib/armv7e-m/softfp\libcr_c.a(fpprintf.o)
                0x00003710                vsnprintf
 .text.printf   0x0000376c       0x54 c:/system/mcuxpressoide_10.0.2_411/ide/tools/bin/../lib/gcc/arm-none-eabi/5.4.1/../../../../arm-none-eabi/lib/armv7e-m/softfp\libcr_c.a(fpprintf.o)
                0x0000376c                printf
 .text._initio  0x000037c0       0x78 c:/system/mcuxpressoide_10.0.2_411/ide/tools/bin/../lib/gcc/arm-none-eabi/5.4.1/../../../../arm-none-eabi/lib/armv7e-m/softfp\libcr_c.a(initio.o)
                0x000037c0                _initio
 .text.__vfprintf
                0x00003838      0xd48 c:/system/mcuxpressoide_10.0.2_411/ide/tools/bin/../lib/gcc/arm-none-eabi/5.4.1/../../../../arm-none-eabi/lib/armv7e-m/softfp\libcr_c.a(printf.o)
                0x00003838                __vfprintf
 .text.setvbuf  0x00004580       0x44 c:/system/mcuxpressoide_10.0.2_411/ide/tools/bin/../lib/gcc/arm-none-eabi/5.4.1/../../../../arm-none-eabi/lib/armv7e-m/softfp\libcr_c.a(setvbuf.o)
                0x00004580                setvbuf
 .text.strlen   0x000045c4       0x4a c:/system/mcuxpressoide_10.0.2_411/ide/tools/bin/../lib/gcc/arm-none-eabi/5.4.1/../../../../arm-none-eabi/lib/armv7e-m/softfp\libcr_c.a(strlen.o)
                0x000045c4                strlen
 .text._deferredlazyseek
                0x0000460e       0x40 c:/system/mcuxpressoide_10.0.2_411/ide/tools/bin/../lib/gcc/arm-none-eabi/5.4.1/../../../../arm-none-eabi/lib/armv7e-m/softfp\libcr_c.a(_deferredlazyseek.o)
                0x0000460e                _deferredlazyseek
 .text.__flsbuf
                0x0000464e      0x13e c:/system/mcuxpressoide_10.0.2_411/ide/tools/bin/../lib/gcc/arm-none-eabi/5.4.1/../../../../arm-none-eabi/lib/armv7e-m/softfp\libcr_c.a(_deferredlazyseek.o)
                0x0000464e                __flsbuf
 .text._fdopen  0x0000478c       0x6a c:/system/mcuxpressoide_10.0.2_411/ide/tools/bin/../lib/gcc/arm-none-eabi/5.4.1/../../../../arm-none-eabi/lib/armv7e-m/softfp\libcr_c.a(_fdopen.o)
                0x0000478c                _fdopen
 .text._fflush  0x000047f6       0x54 c:/system/mcuxpressoide_10.0.2_411/ide/tools/bin/../lib/gcc/arm-none-eabi/5.4.1/../../../../arm-none-eabi/lib/armv7e-m/softfp\libcr_c.a(_fflush.o)
                0x000047f6                _fflush
 .text._frexpl  0x0000484a       0x5a c:/system/mcuxpressoide_10.0.2_411/ide/tools/bin/../lib/gcc/arm-none-eabi/5.4.1/../../../../arm-none-eabi/lib/armv7e-m/softfp\libcr_c.a(_frexpl.o)
                0x0000484a                _frexpl
 .text._ldexpl  0x000048a4       0x4c c:/system/mcuxpressoide_10.0.2_411/ide/tools/bin/../lib/gcc/arm-none-eabi/5.4.1/../../../../arm-none-eabi/lib/armv7e-m/softfp\libcr_c.a(_ldexpl.o)
                0x000048a4                _ldexpl
 .text._Cwritebuf
                0x000048f0       0x68 c:/system/mcuxpressoide_10.0.2_411/ide/tools/bin/../lib/gcc/arm-none-eabi/5.4.1/../../../../arm-none-eabi/lib/armv7e-m/softfp\libcr_c.a(_writebuf.o)
                0x000048f0                _Cwritebuf
 .text.malloc   0x00004958       0xc8 c:/system/mcuxpressoide_10.0.2_411/ide/tools/bin/../lib/gcc/arm-none-eabi/5.4.1/../../../../arm-none-eabi/lib/armv7e-m/softfp\libcr_c.a(alloc.o)
                0x00004958                malloc
 .text.free     0x00004a20       0x30 c:/system/mcuxpressoide_10.0.2_411/ide/tools/bin/../lib/gcc/arm-none-eabi/5.4.1/../../../../arm-none-eabi/lib/armv7e-m/softfp\libcr_c.a(alloc.o)
                0x00004a20                free
 .text._Csys_alloc
                0x00004a50       0x20 c:/system/mcuxpressoide_10.0.2_411/ide/tools/bin/../lib/gcc/arm-none-eabi/5.4.1/../../../../arm-none-eabi/lib/armv7e-m/softfp\libcr_c.a(alloc.o)
                0x00004a50                _Csys_alloc
 .text.fclose   0x00004a70       0x58 c:/system/mcuxpressoide_10.0.2_411/ide/tools/bin/../lib/gcc/arm-none-eabi/5.4.1/../../../../arm-none-eabi/lib/armv7e-m/softfp\libcr_c.a(fclose.o)
                0x00004a70                fclose
 .text.fflush   0x00004ac8       0x48 c:/system/mcuxpressoide_10.0.2_411/ide/tools/bin/../lib/gcc/arm-none-eabi/5.4.1/../../../../arm-none-eabi/lib/armv7e-m/softfp\libcr_c.a(fflush.o)
                0x00004ac8                fflush
 .text.fseek    0x00004b10      0x100 c:/system/mcuxpressoide_10.0.2_411/ide/tools/bin/../lib/gcc/arm-none-eabi/5.4.1/../../../../arm-none-eabi/lib/armv7e-m/softfp\libcr_c.a(fseek.o)
                0x00004b10                fseek
 .text.ftell    0x00004c10       0x48 c:/system/mcuxpressoide_10.0.2_411/ide/tools/bin/../lib/gcc/arm-none-eabi/5.4.1/../../../../arm-none-eabi/lib/armv7e-m/softfp\libcr_c.a(ftell.o)
                0x00004c10                ftell
 .text.remove   0x00004c58       0x14 c:/system/mcuxpressoide_10.0.2_411/ide/tools/bin/../lib/gcc/arm-none-eabi/5.4.1/../../../../arm-none-eabi/lib/armv7e-m/softfp\libcr_c.a(remove.o)
                0x00004c58                remove
 .text._sbrk    0x00004c6c       0x40 c:/system/mcuxpressoide_10.0.2_411/ide/tools/bin/../lib/gcc/arm-none-eabi/5.4.1/../../../../arm-none-eabi/lib/armv7e-m/softfp\libcr_c.a(_cr_sbrk.o)
                0x00004c6c                _sbrk
 .text._do_fflush
                0x00004cac       0x42 c:/system/mcuxpressoide_10.0.2_411/ide/tools/bin/../lib/gcc/arm-none-eabi/5.4.1/../../../../arm-none-eabi/lib/armv7e-m/softfp\libcr_c.a(_do_fflush.o)
                0x00004cac                _do_fflush
 *fill*         0x00004cee        0x2 ff
 .text.__check_heap_overflow
                0x00004cf0       0x18 c:/system/mcuxpressoide_10.0.2_411/ide/tools/bin/../lib/gcc/arm-none-eabi/5.4.1/../../../../arm-none-eabi/lib/armv7e-m/softfp\libcr_c.a(_cr_check_heap.o)
                0x00004cf0                __check_heap_overflow
 .text.__aeabi_dmul
                0x00004d08      0x110 c:/system/mcuxpressoide_10.0.2_411/ide/tools/bin/../lib/gcc/arm-none-eabi/5.4.1/armv7e-m/softfp\libcr_eabihelpers.a(double.o)
                0x00004d08                __aeabi_dmul
 .text.__aeabi_ddiv
                0x00004e18      0x13c c:/system/mcuxpressoide_10.0.2_411/ide/tools/bin/../lib/gcc/arm-none-eabi/5.4.1/armv7e-m/softfp\libcr_eabihelpers.a(double.o)
                0x00004e18                __aeabi_ddiv
 .text.__aeabi_dsub
                0x00004f54      0x1b4 c:/system/mcuxpressoide_10.0.2_411/ide/tools/bin/../lib/gcc/arm-none-eabi/5.4.1/armv7e-m/softfp\libcr_eabihelpers.a(double.o)
                0x00004f54                __aeabi_dsub
 .text.__aeabi_dadd
                0x00005108      0x114 c:/system/mcuxpressoide_10.0.2_411/ide/tools/bin/../lib/gcc/arm-none-eabi/5.4.1/armv7e-m/softfp\libcr_eabihelpers.a(double.o)
                0x00005108                __aeabi_dadd
 .text.__aeabi_d2iz
                0x0000521c       0x40 c:/system/mcuxpressoide_10.0.2_411/ide/tools/bin/../lib/gcc/arm-none-eabi/5.4.1/armv7e-m/softfp\libcr_eabihelpers.a(double.o)
                0x0000521c                __aeabi_d2iz
 .text.__bhs_ui2d
                0x0000525c       0x46 c:/system/mcuxpressoide_10.0.2_411/ide/tools/bin/../lib/gcc/arm-none-eabi/5.4.1/armv7e-m/softfp\libcr_eabihelpers.a(double.o)
                0x0000525c                __bhs_ui2d
 .text.__aeabi_i2d
                0x000052a2       0x10 c:/system/mcuxpressoide_10.0.2_411/ide/tools/bin/../lib/gcc/arm-none-eabi/5.4.1/armv7e-m/softfp\libcr_eabihelpers.a(double.o)
                0x000052a2                __aeabi_i2d
 .text.__aeabi_dcmpeq
                0x000052b2       0x30 c:/system/mcuxpressoide_10.0.2_411/ide/tools/bin/../lib/gcc/arm-none-eabi/5.4.1/armv7e-m/softfp\libcr_eabihelpers.a(double.o)
                0x000052b2                __aeabi_dcmpeq
 .text.__aeabi_dcmplt
                0x000052e2       0x58 c:/system/mcuxpressoide_10.0.2_411/ide/tools/bin/../lib/gcc/arm-none-eabi/5.4.1/armv7e-m/softfp\libcr_eabihelpers.a(double.o)
                0x000052e2                __aeabi_dcmplt
 .text.__aeabi_dcmple
                0x0000533a       0x54 c:/system/mcuxpressoide_10.0.2_411/ide/tools/bin/../lib/gcc/arm-none-eabi/5.4.1/armv7e-m/softfp\libcr_eabihelpers.a(double.o)
                0x0000533a                __aeabi_dcmple
 .text.__aeabi_dcmpge
                0x0000538e       0x54 c:/system/mcuxpressoide_10.0.2_411/ide/tools/bin/../lib/gcc/arm-none-eabi/5.4.1/armv7e-m/softfp\libcr_eabihelpers.a(double.o)
                0x0000538e                __aeabi_dcmpge
 .text.__aeabi_memcpy
                0x000053e2       0x34 c:/system/mcuxpressoide_10.0.2_411/ide/tools/bin/../lib/gcc/arm-none-eabi/5.4.1/armv7e-m/softfp\libcr_eabihelpers.a(memcpy.o)
                0x000053e2                __aeabi_memcpy
                0x000053ec                __aeabi_memcpy8
                0x000053ec                __aeabi_memcpy4
 .text.__aeabi_memset_lowlevel
                0x00005416       0x32 c:/system/mcuxpressoide_10.0.2_411/ide/tools/bin/../lib/gcc/arm-none-eabi/5.4.1/armv7e-m/softfp\libcr_eabihelpers.a(memcpy.o)
                0x00005416                __aeabi_lowlevel_memset
 .text.__sys_appexit
                0x00005448        0x2 c:/system/mcuxpressoide_10.0.2_411/ide/tools/bin/../lib/gcc/arm-none-eabi/5.4.1/../../../../arm-none-eabi/lib/armv7e-m/softfp\libcr_nohost.a(__sys_appexit.o)
                0x00005448                __sys_appexit
                0x00005448                __exit
 .text.__sys_close
                0x0000544a        0x6 c:/system/mcuxpressoide_10.0.2_411/ide/tools/bin/../lib/gcc/arm-none-eabi/5.4.1/../../../../arm-none-eabi/lib/armv7e-m/softfp\libcr_nohost.a(__sys_close.o)
                0x0000544a                __sys_close
 .text.__sys_flen
                0x00005450        0x6 c:/system/mcuxpressoide_10.0.2_411/ide/tools/bin/../lib/gcc/arm-none-eabi/5.4.1/../../../../arm-none-eabi/lib/armv7e-m/softfp\libcr_nohost.a(__sys_flen.o)
                0x00005450                __sys_flen
 .text.__sys_istty
                0x00005456        0x6 c:/system/mcuxpressoide_10.0.2_411/ide/tools/bin/../lib/gcc/arm-none-eabi/5.4.1/../../../../arm-none-eabi/lib/armv7e-m/softfp\libcr_nohost.a(__sys_istty.o)
                0x00005456                __sys_istty
 .text.__sys_remove
                0x0000545c        0x6 c:/system/mcuxpressoide_10.0.2_411/ide/tools/bin/../lib/gcc/arm-none-eabi/5.4.1/../../../../arm-none-eabi/lib/armv7e-m/softfp\libcr_nohost.a(__sys_remove.o)
                0x0000545c                __sys_remove
 .text.__sys_seek
                0x00005462        0x6 c:/system/mcuxpressoide_10.0.2_411/ide/tools/bin/../lib/gcc/arm-none-eabi/5.4.1/../../../../arm-none-eabi/lib/armv7e-m/softfp\libcr_nohost.a(__sys_seek.o)
                0x00005462                __sys_seek
 .text.__sys_tmpnam
                0x00005468        0x6 c:/system/mcuxpressoide_10.0.2_411/ide/tools/bin/../lib/gcc/arm-none-eabi/5.4.1/../../../../arm-none-eabi/lib/armv7e-m/softfp\libcr_nohost.a(__sys_tmpnam.o)
                0x00005468                __sys_tmpnam
 .text.__sys_write
                0x0000546e        0x4 c:/system/mcuxpressoide_10.0.2_411/ide/tools/bin/../lib/gcc/arm-none-eabi/5.4.1/../../../../arm-none-eabi/lib/armv7e-m/softfp\libcr_nohost.a(__sys_write.o)
                0x0000546e                __sys_write
 *(.rodata .rodata.* .constdata .constdata.*)
 *fill*         0x00005472        0x2 ff
 .rodata.USB_DeviceDescriptor
                0x00005474       0x12 ./example/src/cdc_desc.o
                0x00005474                USB_DeviceDescriptor
 *fill*         0x00005486        0x2 ff
 .rodata.USB_StringDescriptor
                0x00005488       0x38 ./example/src/cdc_desc.o
                0x00005488                USB_StringDescriptor
 .rodata.g_usbApi
                0x000054c0       0x20 ./example/src/cdc_main.o
 .rodata        0x000054e0       0x81 ./example/src/cdc_main.o
 *fill*         0x00005561        0x3 ff
 .rodata.OscRateIn
                0x00005564        0x4 C:\Users\JCT\Documents\MCUXpressoIDE_10.0.2_411\workspace\lpc_board_ea_devkit_4088\Debug\liblpc_board_ea_devkit_4088.a(board.o)
                0x00005564                OscRateIn
 .rodata.ledports
                0x00005568        0x4 C:\Users\JCT\Documents\MCUXpressoIDE_10.0.2_411\workspace\lpc_board_ea_devkit_4088\Debug\liblpc_board_ea_devkit_4088.a(board.o)
 .rodata.ledpins
                0x0000556c        0x4 C:\Users\JCT\Documents\MCUXpressoIDE_10.0.2_411\workspace\lpc_board_ea_devkit_4088\Debug\liblpc_board_ea_devkit_4088.a(board.o)
 .rodata.pinmuxing
                0x00005570       0x88 C:\Users\JCT\Documents\MCUXpressoIDE_10.0.2_411\workspace\lpc_board_ea_devkit_4088\Debug\liblpc_board_ea_devkit_4088.a(board_sysinit.o)
 .rodata.IS42S32800D_config
                0x000055f8       0x74 C:\Users\JCT\Documents\MCUXpressoIDE_10.0.2_411\workspace\lpc_board_ea_devkit_4088\Debug\liblpc_board_ea_devkit_4088.a(board_sysinit.o)
 .rodata.SST39VF320_config
                0x0000566c       0x20 C:\Users\JCT\Documents\MCUXpressoIDE_10.0.2_411\workspace\lpc_board_ea_devkit_4088\Debug\liblpc_board_ea_devkit_4088.a(board_sysinit.o)
 .rodata.K9F1G_config
                0x0000568c       0x20 C:\Users\JCT\Documents\MCUXpressoIDE_10.0.2_411\workspace\lpc_board_ea_devkit_4088\Debug\liblpc_board_ea_devkit_4088.a(board_sysinit.o)
 .rodata.hw_api
                0x000056ac       0x5c C:\Users\JCT\Documents\MCUXpressoIDE_10.0.2_411\workspace\lpc_chip_40xx\libs\libusbd_40xx_lib.a(mw_usbd_rom_api.o)
                0x000056ac                hw_api
 .rodata.core_api
                0x00005708       0x20 C:\Users\JCT\Documents\MCUXpressoIDE_10.0.2_411\workspace\lpc_chip_40xx\libs\libusbd_40xx_lib.a(mw_usbd_rom_api.o)
                0x00005708                core_api
 .rodata.cdc_api
                0x00005728        0xc C:\Users\JCT\Documents\MCUXpressoIDE_10.0.2_411\workspace\lpc_chip_40xx\libs\libusbd_40xx_lib.a(mw_usbd_rom_api.o)
                0x00005728                cdc_api
 .rodata.__ctype
                0x00005734      0x180 c:/system/mcuxpressoide_10.0.2_411/ide/tools/bin/../lib/gcc/arm-none-eabi/5.4.1/../../../../arm-none-eabi/lib/armv7e-m/softfp\libcr_c.a(ctype.o)
                0x00005734                __ctype
 .rodata.str1.1
                0x000058b4       0x34 c:/system/mcuxpressoide_10.0.2_411/ide/tools/bin/../lib/gcc/arm-none-eabi/5.4.1/../../../../arm-none-eabi/lib/armv7e-m/softfp\libcr_c.a(fpprintf.o)
                                 0x35 (size before relaxing)
 .rodata.str1.1
                0x000058e8        0x4 c:/system/mcuxpressoide_10.0.2_411/ide/tools/bin/../lib/gcc/arm-none-eabi/5.4.1/../../../../arm-none-eabi/lib/armv7e-m/softfp\libcr_c.a(initio.o)
 .rodata.str1.1
                0x000058ec       0x31 c:/system/mcuxpressoide_10.0.2_411/ide/tools/bin/../lib/gcc/arm-none-eabi/5.4.1/../../../../arm-none-eabi/lib/armv7e-m/softfp\libcr_c.a(printf.o)
                                 0x38 (size before relaxing)
 .rodata.str1.1
                0x0000591d       0x18 c:/system/mcuxpressoide_10.0.2_411/ide/tools/bin/../lib/gcc/arm-none-eabi/5.4.1/../../../../arm-none-eabi/lib/armv7e-m/softfp\libcr_c.a(alloc.o)
 *fill*         0x00005935        0x3 ff
 .rodata.__huge_vall
                0x00005938        0x8 c:/system/mcuxpressoide_10.0.2_411/ide/tools/bin/../lib/gcc/arm-none-eabi/5.4.1/../../../../arm-none-eabi/lib/armv7e-m/softfp\libcr_c.a(_hugeval.o)
                0x00005938                __huge_vall
 .rodata.__num_Ciob_streams
                0x00005940        0x4 c:/system/mcuxpressoide_10.0.2_411/ide/tools/bin/../lib/gcc/arm-none-eabi/5.4.1/../../../../arm-none-eabi/lib/armv7e-m/softfp\libcr_nohost.a(__ciob.o)
                0x00005940                __num_Ciob_streams
                0x00005944                . = ALIGN (0x4)

.glue_7         0x00005944        0x0
 .glue_7        0x00005944        0x0 linker stubs

.glue_7t        0x00005944        0x0
 .glue_7t       0x00005944        0x0 linker stubs

.vfp11_veneer   0x00005944        0x0
 .vfp11_veneer  0x00005944        0x0 linker stubs

.v4_bx          0x00005944        0x0
 .v4_bx         0x00005944        0x0 linker stubs

.iplt           0x00005944        0x0
 .iplt          0x00005944        0x0 ./example/src/cdc_desc.o

.rel.dyn        0x00005944        0x0
 .rel.iplt      0x00005944        0x0 ./example/src/cdc_desc.o

.ARM.extab
 *(.ARM.extab* .gnu.linkonce.armextab.*)
                0x00005944                __exidx_start = .

.ARM.exidx
 *(.ARM.exidx* .gnu.linkonce.armexidx.*)
                0x00005944                __exidx_end = .
                0x00005944                _etext = .

.data_RAM2      0x20000000        0x0 load address 0x00005944
 FILL mask 0xff
                [!provide]                PROVIDE (__start_data_RAM2, .)
 *(.ramfunc.$RAM2)
 *(.ramfunc.$RamPeriph32)
 *(.data.$RAM2*)
 *(.data.$RamPeriph32*)
                0x20000000                . = ALIGN (0x4)
                [!provide]                PROVIDE (__end_data_RAM2, .)

.uninit_RESERVED
                0x10000000        0x0
 *(.bss.$RESERVED*)
                0x10000000                . = ALIGN (0x4)
                0x10000000                _end_uninit_RESERVED = .

.data           0x10000000       0x50 load address 0x00005944
 FILL mask 0xff
                0x10000000                _data = .
 *(vtable)
 *(.ramfunc*)
 *(.data*)
 .data.USB_FsConfigDescriptor
                0x10000000       0x4c ./example/src/cdc_desc.o
                0x10000000                USB_FsConfigDescriptor
 .data.g_pUsbApi
                0x1000004c        0x4 ./example/src/cdc_main.o
                0x1000004c                g_pUsbApi
                0x10000050                . = ALIGN (0x4)
                0x10000050                _edata = .

.igot.plt       0x10000050        0x0 load address 0x00005994
 .igot.plt      0x10000050        0x0 ./example/src/cdc_desc.o

.bss_RAM2       0x20000000        0x0
                [!provide]                PROVIDE (__start_bss_RAM2, .)
 *(.bss.$RAM2*)
 *(.bss.$RamPeriph32*)
                0x20000000                . = ALIGN ((. != 0x0)?0x4:0x1)
                [!provide]                PROVIDE (__end_bss_RAM2, .)

.bss            0x10000050      0x314
                0x10000050                _bss = .
 *(.bss*)
 .bss.g_hUsb    0x10000050        0x4 ./example/src/cdc_main.o
 .bss.g_rxBuff  0x10000054      0x100 ./example/src/cdc_main.o
 .bss.ticksPerSecond
                0x10000154        0x4 C:\Users\JCT\Documents\MCUXpressoIDE_10.0.2_411\workspace\lpc_chip_40xx\Debug\liblpc_chip_40xx.a(stopwatch_17xx_40xx.o)
 .bss.ticksPerMs
                0x10000158        0x4 C:\Users\JCT\Documents\MCUXpressoIDE_10.0.2_411\workspace\lpc_chip_40xx\Debug\liblpc_chip_40xx.a(stopwatch_17xx_40xx.o)
 .bss.ticksPerUs
                0x1000015c        0x4 C:\Users\JCT\Documents\MCUXpressoIDE_10.0.2_411\workspace\lpc_chip_40xx\Debug\liblpc_chip_40xx.a(stopwatch_17xx_40xx.o)
 .bss.errno     0x10000160        0x4 c:/system/mcuxpressoide_10.0.2_411/ide/tools/bin/../lib/gcc/arm-none-eabi/5.4.1/../../../../arm-none-eabi/lib/armv7e-m/softfp\libcr_c.a(errno.o)
                0x10000160                errno
 .bss.__heaps   0x10000164        0x4 c:/system/mcuxpressoide_10.0.2_411/ide/tools/bin/../lib/gcc/arm-none-eabi/5.4.1/../../../../arm-none-eabi/lib/armv7e-m/softfp\libcr_c.a(__init_alloc.o)
                0x10000164                __heaps
 .bss.__end_of_heap
                0x10000168        0x4 c:/system/mcuxpressoide_10.0.2_411/ide/tools/bin/../lib/gcc/arm-none-eabi/5.4.1/../../../../arm-none-eabi/lib/armv7e-m/softfp\libcr_c.a(__init_alloc.o)
                0x10000168                __end_of_heap
 .bss.__Ciob    0x1000016c      0x1e0 c:/system/mcuxpressoide_10.0.2_411/ide/tools/bin/../lib/gcc/arm-none-eabi/5.4.1/../../../../arm-none-eabi/lib/armv7e-m/softfp\libcr_nohost.a(__ciob.o)
                0x1000016c                __Ciob
 *(COMMON)
 COMMON         0x1000034c       0x14 ./example/src/cdc_vcom.o
                0x1000034c                g_vCOM
 COMMON         0x10000360        0x4 C:\Users\JCT\Documents\MCUXpressoIDE_10.0.2_411\workspace\lpc_chip_40xx\Debug\liblpc_chip_40xx.a(chip_17xx_40xx.o)
                0x10000360                SystemCoreClock
                0x10000364                . = ALIGN (0x4)
                0x10000364                _ebss = .
                [!provide]                PROVIDE (end, .)

.noinit_RAM2    0x20000000        0x0
 *(.noinit.$RAM2*)
 *(.noinit.$RamPeriph32*)
                0x20000000                . = ALIGN (0x4)

.noinit         0x10000364        0x0
                0x10000364                _noinit = .
 *(.noinit*)
                0x10000364                . = ALIGN (0x4)
                0x10000364                _end_noinit = .
                0x10000364                PROVIDE (_pvHeapStart, DEFINED (__user_heap_base)?__user_heap_base:.)
                0x10010000                PROVIDE (_vStackTop, DEFINED (__user_stack_top)?__user_stack_top:(__top_RamLoc64 - 0x0))
                [!provide]                PROVIDE (__valid_user_code_checksum, (0x0 - ((((((_vStackTop + (ResetISR + 0x1)) + (NMI_Handler + 0x1)) + (HardFault_Handler + 0x1)) + (DEFINED (MemManage_Handler)?MemManage_Handler:0x0 + 0x1)) + (DEFINED (BusFault_Handler)?BusFault_Handler:0x0 + 0x1)) + (DEFINED (UsageFault_Handler)?UsageFault_Handler:0x0 + 0x1))))
OUTPUT(usb_exercise.axf elf32-littlearm)

.debug_info     0x00000000     0xfa8e
 .debug_info    0x00000000       0xf3 ./example/src/cdc_desc.o
 .debug_info    0x000000f3     0x1a99 ./example/src/cdc_main.o
 .debug_info    0x00001b8c     0x1a74 ./example/src/cdc_vcom.o
 .debug_info    0x00003600      0x262 ./example/src/cr_startup_lpc40xx.o
 .debug_info    0x00003862      0x110 ./example/src/sysinit.o
 .debug_info    0x00003972     0x1b25 C:\Users\JCT\Documents\MCUXpressoIDE_10.0.2_411\workspace\lpc_board_ea_devkit_4088\Debug\liblpc_board_ea_devkit_4088.a(board.o)
 .debug_info    0x00005497      0xa1c C:\Users\JCT\Documents\MCUXpressoIDE_10.0.2_411\workspace\lpc_board_ea_devkit_4088\Debug\liblpc_board_ea_devkit_4088.a(board_sysinit.o)
 .debug_info    0x00005eb3      0x5fa C:\Users\JCT\Documents\MCUXpressoIDE_10.0.2_411\workspace\lpc_chip_40xx\Debug\liblpc_chip_40xx.a(chip_17xx_40xx.o)
 .debug_info    0x000064ad      0xb85 C:\Users\JCT\Documents\MCUXpressoIDE_10.0.2_411\workspace\lpc_chip_40xx\Debug\liblpc_chip_40xx.a(clock_17xx_40xx.o)
 .debug_info    0x00007032      0xc57 C:\Users\JCT\Documents\MCUXpressoIDE_10.0.2_411\workspace\lpc_chip_40xx\Debug\liblpc_chip_40xx.a(emc_17xx_40xx.o)
 .debug_info    0x00007c89      0x128 C:\Users\JCT\Documents\MCUXpressoIDE_10.0.2_411\workspace\lpc_chip_40xx\Debug\liblpc_chip_40xx.a(fpu_init.o)
 .debug_info    0x00007db1      0x1fe C:\Users\JCT\Documents\MCUXpressoIDE_10.0.2_411\workspace\lpc_chip_40xx\Debug\liblpc_chip_40xx.a(iocon_17xx_40xx.o)
 .debug_info    0x00007faf      0x417 C:\Users\JCT\Documents\MCUXpressoIDE_10.0.2_411\workspace\lpc_chip_40xx\Debug\liblpc_chip_40xx.a(stopwatch_17xx_40xx.o)
 .debug_info    0x000083c6      0x512 C:\Users\JCT\Documents\MCUXpressoIDE_10.0.2_411\workspace\lpc_chip_40xx\Debug\liblpc_chip_40xx.a(sysctl_17xx_40xx.o)
 .debug_info    0x000088d8      0x4ec C:\Users\JCT\Documents\MCUXpressoIDE_10.0.2_411\workspace\lpc_chip_40xx\Debug\liblpc_chip_40xx.a(sysinit_17xx_40xx.o)
 .debug_info    0x00008dc4      0x3f9 C:\Users\JCT\Documents\MCUXpressoIDE_10.0.2_411\workspace\lpc_chip_40xx\Debug\liblpc_chip_40xx.a(timer_17xx_40xx.o)
 .debug_info    0x000091bd     0x14f8 C:\Users\JCT\Documents\MCUXpressoIDE_10.0.2_411\workspace\lpc_chip_40xx\libs\libusbd_40xx_lib.a(mw_usbd_rom_api.o)
 .debug_info    0x0000a6b5     0x1f75 C:\Users\JCT\Documents\MCUXpressoIDE_10.0.2_411\workspace\lpc_chip_40xx\libs\libusbd_40xx_lib.a(hw_usbd_ip3503.o)
 .debug_info    0x0000c62a     0x14e4 C:\Users\JCT\Documents\MCUXpressoIDE_10.0.2_411\workspace\lpc_chip_40xx\libs\libusbd_40xx_lib.a(mw_usbd_cdcuser.o)
 .debug_info    0x0000db0e     0x1f80 C:\Users\JCT\Documents\MCUXpressoIDE_10.0.2_411\workspace\lpc_chip_40xx\libs\libusbd_40xx_lib.a(mw_usbd_core.o)

.debug_abbrev   0x00000000     0x2667
 .debug_abbrev  0x00000000       0x60 ./example/src/cdc_desc.o
 .debug_abbrev  0x00000060      0x2da ./example/src/cdc_main.o
 .debug_abbrev  0x0000033a      0x29b ./example/src/cdc_vcom.o
 .debug_abbrev  0x000005d5       0xf5 ./example/src/cr_startup_lpc40xx.o
 .debug_abbrev  0x000006ca       0xa3 ./example/src/sysinit.o
 .debug_abbrev  0x0000076d      0x36a C:\Users\JCT\Documents\MCUXpressoIDE_10.0.2_411\workspace\lpc_board_ea_devkit_4088\Debug\liblpc_board_ea_devkit_4088.a(board.o)
 .debug_abbrev  0x00000ad7      0x234 C:\Users\JCT\Documents\MCUXpressoIDE_10.0.2_411\workspace\lpc_board_ea_devkit_4088\Debug\liblpc_board_ea_devkit_4088.a(board_sysinit.o)
 .debug_abbrev  0x00000d0b      0x15e C:\Users\JCT\Documents\MCUXpressoIDE_10.0.2_411\workspace\lpc_chip_40xx\Debug\liblpc_chip_40xx.a(chip_17xx_40xx.o)
 .debug_abbrev  0x00000e69      0x2b4 C:\Users\JCT\Documents\MCUXpressoIDE_10.0.2_411\workspace\lpc_chip_40xx\Debug\liblpc_chip_40xx.a(clock_17xx_40xx.o)
 .debug_abbrev  0x0000111d      0x1fb C:\Users\JCT\Documents\MCUXpressoIDE_10.0.2_411\workspace\lpc_chip_40xx\Debug\liblpc_chip_40xx.a(emc_17xx_40xx.o)
 .debug_abbrev  0x00001318       0x84 C:\Users\JCT\Documents\MCUXpressoIDE_10.0.2_411\workspace\lpc_chip_40xx\Debug\liblpc_chip_40xx.a(fpu_init.o)
 .debug_abbrev  0x0000139c      0x122 C:\Users\JCT\Documents\MCUXpressoIDE_10.0.2_411\workspace\lpc_chip_40xx\Debug\liblpc_chip_40xx.a(iocon_17xx_40xx.o)
 .debug_abbrev  0x000014be      0x191 C:\Users\JCT\Documents\MCUXpressoIDE_10.0.2_411\workspace\lpc_chip_40xx\Debug\liblpc_chip_40xx.a(stopwatch_17xx_40xx.o)
 .debug_abbrev  0x0000164f      0x14b C:\Users\JCT\Documents\MCUXpressoIDE_10.0.2_411\workspace\lpc_chip_40xx\Debug\liblpc_chip_40xx.a(sysctl_17xx_40xx.o)
 .debug_abbrev  0x0000179a      0x175 C:\Users\JCT\Documents\MCUXpressoIDE_10.0.2_411\workspace\lpc_chip_40xx\Debug\liblpc_chip_40xx.a(sysinit_17xx_40xx.o)
 .debug_abbrev  0x0000190f      0x163 C:\Users\JCT\Documents\MCUXpressoIDE_10.0.2_411\workspace\lpc_chip_40xx\Debug\liblpc_chip_40xx.a(timer_17xx_40xx.o)
 .debug_abbrev  0x00001a72      0x143 C:\Users\JCT\Documents\MCUXpressoIDE_10.0.2_411\workspace\lpc_chip_40xx\libs\libusbd_40xx_lib.a(mw_usbd_rom_api.o)
 .debug_abbrev  0x00001bb5      0x3c7 C:\Users\JCT\Documents\MCUXpressoIDE_10.0.2_411\workspace\lpc_chip_40xx\libs\libusbd_40xx_lib.a(hw_usbd_ip3503.o)
 .debug_abbrev  0x00001f7c      0x2f5 C:\Users\JCT\Documents\MCUXpressoIDE_10.0.2_411\workspace\lpc_chip_40xx\libs\libusbd_40xx_lib.a(mw_usbd_cdcuser.o)
 .debug_abbrev  0x00002271      0x3f6 C:\Users\JCT\Documents\MCUXpressoIDE_10.0.2_411\workspace\lpc_chip_40xx\libs\libusbd_40xx_lib.a(mw_usbd_core.o)

.debug_aranges  0x00000000      0x938
 .debug_aranges
                0x00000000       0x18 ./example/src/cdc_desc.o
 .debug_aranges
                0x00000018       0x50 ./example/src/cdc_main.o
 .debug_aranges
                0x00000068       0x68 ./example/src/cdc_vcom.o
 .debug_aranges
                0x000000d0       0x80 ./example/src/cr_startup_lpc40xx.o
 .debug_aranges
                0x00000150       0x20 ./example/src/sysinit.o
 .debug_aranges
                0x00000170      0x1c8 C:\Users\JCT\Documents\MCUXpressoIDE_10.0.2_411\workspace\lpc_board_ea_devkit_4088\Debug\liblpc_board_ea_devkit_4088.a(board.o)
 .debug_aranges
                0x00000338       0x50 C:\Users\JCT\Documents\MCUXpressoIDE_10.0.2_411\workspace\lpc_board_ea_devkit_4088\Debug\liblpc_board_ea_devkit_4088.a(board_sysinit.o)
 .debug_aranges
                0x00000388       0x30 C:\Users\JCT\Documents\MCUXpressoIDE_10.0.2_411\workspace\lpc_chip_40xx\Debug\liblpc_chip_40xx.a(chip_17xx_40xx.o)
 .debug_aranges
                0x000003b8      0x138 C:\Users\JCT\Documents\MCUXpressoIDE_10.0.2_411\workspace\lpc_chip_40xx\Debug\liblpc_chip_40xx.a(clock_17xx_40xx.o)
 .debug_aranges
                0x000004f0       0x80 C:\Users\JCT\Documents\MCUXpressoIDE_10.0.2_411\workspace\lpc_chip_40xx\Debug\liblpc_chip_40xx.a(emc_17xx_40xx.o)
 .debug_aranges
                0x00000570       0x20 C:\Users\JCT\Documents\MCUXpressoIDE_10.0.2_411\workspace\lpc_chip_40xx\Debug\liblpc_chip_40xx.a(fpu_init.o)
 .debug_aranges
                0x00000590       0x28 C:\Users\JCT\Documents\MCUXpressoIDE_10.0.2_411\workspace\lpc_chip_40xx\Debug\liblpc_chip_40xx.a(iocon_17xx_40xx.o)
 .debug_aranges
                0x000005b8       0x68 C:\Users\JCT\Documents\MCUXpressoIDE_10.0.2_411\workspace\lpc_chip_40xx\Debug\liblpc_chip_40xx.a(stopwatch_17xx_40xx.o)
 .debug_aranges
                0x00000620       0x28 C:\Users\JCT\Documents\MCUXpressoIDE_10.0.2_411\workspace\lpc_chip_40xx\Debug\liblpc_chip_40xx.a(sysctl_17xx_40xx.o)
 .debug_aranges
                0x00000648       0x60 C:\Users\JCT\Documents\MCUXpressoIDE_10.0.2_411\workspace\lpc_chip_40xx\Debug\liblpc_chip_40xx.a(sysinit_17xx_40xx.o)
 .debug_aranges
                0x000006a8       0x40 C:\Users\JCT\Documents\MCUXpressoIDE_10.0.2_411\workspace\lpc_chip_40xx\Debug\liblpc_chip_40xx.a(timer_17xx_40xx.o)
 .debug_aranges
                0x000006e8       0x18 C:\Users\JCT\Documents\MCUXpressoIDE_10.0.2_411\workspace\lpc_chip_40xx\libs\libusbd_40xx_lib.a(mw_usbd_rom_api.o)
 .debug_aranges
                0x00000700      0x118 C:\Users\JCT\Documents\MCUXpressoIDE_10.0.2_411\workspace\lpc_chip_40xx\libs\libusbd_40xx_lib.a(hw_usbd_ip3503.o)
 .debug_aranges
                0x00000818       0x48 C:\Users\JCT\Documents\MCUXpressoIDE_10.0.2_411\workspace\lpc_chip_40xx\libs\libusbd_40xx_lib.a(mw_usbd_cdcuser.o)
 .debug_aranges
                0x00000860       0xd8 C:\Users\JCT\Documents\MCUXpressoIDE_10.0.2_411\workspace\lpc_chip_40xx\libs\libusbd_40xx_lib.a(mw_usbd_core.o)

.debug_macro    0x00000000     0x829c
 .debug_macro   0x00000000       0xf5 ./example/src/cdc_desc.o
 .debug_macro   0x000000f5      0x89e ./example/src/cdc_desc.o
 .debug_macro   0x00000993       0x10 ./example/src/cdc_desc.o
 .debug_macro   0x000009a3      0x12d ./example/src/cdc_desc.o
 .debug_macro   0x00000ad0      0x5b2 ./example/src/cdc_desc.o
 .debug_macro   0x00001082       0x22 ./example/src/cdc_desc.o
 .debug_macro   0x000010a4       0x7b ./example/src/cdc_desc.o
 .debug_macro   0x0000111f       0x18 ./example/src/cdc_desc.o
 .debug_macro   0x00001137      0x26c ./example/src/cdc_desc.o
 .debug_macro   0x000013a3       0x58 ./example/src/cdc_desc.o
 .debug_macro   0x000013fb       0x12 ./example/src/cdc_desc.o
 .debug_macro   0x0000140d       0xfa ./example/src/cdc_desc.o
 .debug_macro   0x00001507       0xee ./example/src/cdc_desc.o
 .debug_macro   0x000015f5      0x693 ./example/src/cdc_desc.o
 .debug_macro   0x00001c88      0x272 ./example/src/cdc_desc.o
 .debug_macro   0x00001efa       0x10 ./example/src/cdc_desc.o
 .debug_macro   0x00001f0a      0x35d ./example/src/cdc_main.o
 .debug_macro   0x00002267       0x16 ./example/src/cdc_main.o
 .debug_macro   0x0000227d       0x2d ./example/src/cdc_main.o
 .debug_macro   0x000022aa       0x3b ./example/src/cdc_main.o
 .debug_macro   0x000022e5       0x2d ./example/src/cdc_main.o
 .debug_macro   0x00002312       0x42 ./example/src/cdc_main.o
 .debug_macro   0x00002354      0xd39 ./example/src/cdc_main.o
 .debug_macro   0x0000308d      0x295 ./example/src/cdc_main.o
 .debug_macro   0x00003322       0x50 ./example/src/cdc_main.o
 .debug_macro   0x00003372       0x34 ./example/src/cdc_main.o
 .debug_macro   0x000033a6      0x152 ./example/src/cdc_main.o
 .debug_macro   0x000034f8       0x82 ./example/src/cdc_main.o
 .debug_macro   0x0000357a      0x48c ./example/src/cdc_main.o
 .debug_macro   0x00003a06      0x12d ./example/src/cdc_main.o
 .debug_macro   0x00003b33       0x6a ./example/src/cdc_main.o
 .debug_macro   0x00003b9d       0x34 ./example/src/cdc_main.o
 .debug_macro   0x00003bd1       0x58 ./example/src/cdc_main.o
 .debug_macro   0x00003c29      0x236 ./example/src/cdc_main.o
 .debug_macro   0x00003e5f      0x4c5 ./example/src/cdc_main.o
 .debug_macro   0x00004324      0x1da ./example/src/cdc_main.o
 .debug_macro   0x000044fe       0x10 ./example/src/cdc_main.o
 .debug_macro   0x0000450e      0x21b ./example/src/cdc_main.o
 .debug_macro   0x00004729      0x1b9 ./example/src/cdc_main.o
 .debug_macro   0x000048e2       0x2e ./example/src/cdc_main.o
 .debug_macro   0x00004910       0x40 ./example/src/cdc_main.o
 .debug_macro   0x00004950      0x209 ./example/src/cdc_main.o
 .debug_macro   0x00004b59      0x2b3 ./example/src/cdc_main.o
 .debug_macro   0x00004e0c      0x34c ./example/src/cdc_main.o
 .debug_macro   0x00005158       0xb2 ./example/src/cdc_main.o
 .debug_macro   0x0000520a       0x16 ./example/src/cdc_main.o
 .debug_macro   0x00005220       0xb8 ./example/src/cdc_main.o
 .debug_macro   0x000052d8       0x4c ./example/src/cdc_main.o
 .debug_macro   0x00005324       0x16 ./example/src/cdc_main.o
 .debug_macro   0x0000533a      0x328 ./example/src/cdc_main.o
 .debug_macro   0x00005662       0x3a ./example/src/cdc_main.o
 .debug_macro   0x0000569c       0x16 ./example/src/cdc_main.o
 .debug_macro   0x000056b2       0xca ./example/src/cdc_main.o
 .debug_macro   0x0000577c       0x16 ./example/src/cdc_main.o
 .debug_macro   0x00005792       0x8e ./example/src/cdc_main.o
 .debug_macro   0x00005820      0x124 ./example/src/cdc_main.o
 .debug_macro   0x00005944       0x6c ./example/src/cdc_main.o
 .debug_macro   0x000059b0       0x9a ./example/src/cdc_main.o
 .debug_macro   0x00005a4a       0x20 ./example/src/cdc_main.o
 .debug_macro   0x00005a6a       0x2e ./example/src/cdc_main.o
 .debug_macro   0x00005a98       0x2e ./example/src/cdc_main.o
 .debug_macro   0x00005ac6      0x359 ./example/src/cdc_vcom.o
 .debug_macro   0x00005e1f       0x74 ./example/src/cdc_vcom.o
 .debug_macro   0x00005e93       0x1d ./example/src/cr_startup_lpc40xx.o
 .debug_macro   0x00005eb0      0x296 ./example/src/sysinit.o
 .debug_macro   0x00006146      0x3cf C:\Users\JCT\Documents\MCUXpressoIDE_10.0.2_411\workspace\lpc_board_ea_devkit_4088\Debug\liblpc_board_ea_devkit_4088.a(board.o)
 .debug_macro   0x00006515      0x8aa C:\Users\JCT\Documents\MCUXpressoIDE_10.0.2_411\workspace\lpc_board_ea_devkit_4088\Debug\liblpc_board_ea_devkit_4088.a(board.o)
 .debug_macro   0x00006dbf       0x12 C:\Users\JCT\Documents\MCUXpressoIDE_10.0.2_411\workspace\lpc_board_ea_devkit_4088\Debug\liblpc_board_ea_devkit_4088.a(board.o)
 .debug_macro   0x00006dd1      0x29c C:\Users\JCT\Documents\MCUXpressoIDE_10.0.2_411\workspace\lpc_board_ea_devkit_4088\Debug\liblpc_board_ea_devkit_4088.a(board_sysinit.o)
 .debug_macro   0x0000706d      0x22c C:\Users\JCT\Documents\MCUXpressoIDE_10.0.2_411\workspace\lpc_chip_40xx\Debug\liblpc_chip_40xx.a(chip_17xx_40xx.o)
 .debug_macro   0x00007299      0x22c C:\Users\JCT\Documents\MCUXpressoIDE_10.0.2_411\workspace\lpc_chip_40xx\Debug\liblpc_chip_40xx.a(clock_17xx_40xx.o)
 .debug_macro   0x000074c5      0x232 C:\Users\JCT\Documents\MCUXpressoIDE_10.0.2_411\workspace\lpc_chip_40xx\Debug\liblpc_chip_40xx.a(emc_17xx_40xx.o)
 .debug_macro   0x000076f7       0xbf C:\Users\JCT\Documents\MCUXpressoIDE_10.0.2_411\workspace\lpc_chip_40xx\Debug\liblpc_chip_40xx.a(fpu_init.o)
 .debug_macro   0x000077b6      0x22c C:\Users\JCT\Documents\MCUXpressoIDE_10.0.2_411\workspace\lpc_chip_40xx\Debug\liblpc_chip_40xx.a(iocon_17xx_40xx.o)
 .debug_macro   0x000079e2      0x236 C:\Users\JCT\Documents\MCUXpressoIDE_10.0.2_411\workspace\lpc_chip_40xx\Debug\liblpc_chip_40xx.a(stopwatch_17xx_40xx.o)
 .debug_macro   0x00007c18      0x22c C:\Users\JCT\Documents\MCUXpressoIDE_10.0.2_411\workspace\lpc_chip_40xx\Debug\liblpc_chip_40xx.a(sysctl_17xx_40xx.o)
 .debug_macro   0x00007e44      0x22c C:\Users\JCT\Documents\MCUXpressoIDE_10.0.2_411\workspace\lpc_chip_40xx\Debug\liblpc_chip_40xx.a(sysinit_17xx_40xx.o)
 .debug_macro   0x00008070      0x22c C:\Users\JCT\Documents\MCUXpressoIDE_10.0.2_411\workspace\lpc_chip_40xx\Debug\liblpc_chip_40xx.a(timer_17xx_40xx.o)

.debug_line     0x00000000     0x67bd
 .debug_line    0x00000000      0x2d9 ./example/src/cdc_desc.o
 .debug_line    0x000002d9      0x7f9 ./example/src/cdc_main.o
 .debug_line    0x00000ad2      0x80d ./example/src/cdc_vcom.o
 .debug_line    0x000012df       0xe1 ./example/src/cr_startup_lpc40xx.o
 .debug_line    0x000013c0      0x581 ./example/src/sysinit.o
 .debug_line    0x00001941      0xb7d C:\Users\JCT\Documents\MCUXpressoIDE_10.0.2_411\workspace\lpc_board_ea_devkit_4088\Debug\liblpc_board_ea_devkit_4088.a(board.o)
 .debug_line    0x000024be      0x632 C:\Users\JCT\Documents\MCUXpressoIDE_10.0.2_411\workspace\lpc_board_ea_devkit_4088\Debug\liblpc_board_ea_devkit_4088.a(board_sysinit.o)
 .debug_line    0x00002af0      0x4dc C:\Users\JCT\Documents\MCUXpressoIDE_10.0.2_411\workspace\lpc_chip_40xx\Debug\liblpc_chip_40xx.a(chip_17xx_40xx.o)
 .debug_line    0x00002fcc      0x79c C:\Users\JCT\Documents\MCUXpressoIDE_10.0.2_411\workspace\lpc_chip_40xx\Debug\liblpc_chip_40xx.a(clock_17xx_40xx.o)
 .debug_line    0x00003768      0x655 C:\Users\JCT\Documents\MCUXpressoIDE_10.0.2_411\workspace\lpc_chip_40xx\Debug\liblpc_chip_40xx.a(emc_17xx_40xx.o)
 .debug_line    0x00003dbd      0x1fe C:\Users\JCT\Documents\MCUXpressoIDE_10.0.2_411\workspace\lpc_chip_40xx\Debug\liblpc_chip_40xx.a(fpu_init.o)
 .debug_line    0x00003fbb      0x4cf C:\Users\JCT\Documents\MCUXpressoIDE_10.0.2_411\workspace\lpc_chip_40xx\Debug\liblpc_chip_40xx.a(iocon_17xx_40xx.o)
 .debug_line    0x0000448a      0x571 C:\Users\JCT\Documents\MCUXpressoIDE_10.0.2_411\workspace\lpc_chip_40xx\Debug\liblpc_chip_40xx.a(stopwatch_17xx_40xx.o)
 .debug_line    0x000049fb      0x4c1 C:\Users\JCT\Documents\MCUXpressoIDE_10.0.2_411\workspace\lpc_chip_40xx\Debug\liblpc_chip_40xx.a(sysctl_17xx_40xx.o)
 .debug_line    0x00004ebc      0x56b C:\Users\JCT\Documents\MCUXpressoIDE_10.0.2_411\workspace\lpc_chip_40xx\Debug\liblpc_chip_40xx.a(sysinit_17xx_40xx.o)
 .debug_line    0x00005427      0x507 C:\Users\JCT\Documents\MCUXpressoIDE_10.0.2_411\workspace\lpc_chip_40xx\Debug\liblpc_chip_40xx.a(timer_17xx_40xx.o)
 .debug_line    0x0000592e      0x192 C:\Users\JCT\Documents\MCUXpressoIDE_10.0.2_411\workspace\lpc_chip_40xx\libs\libusbd_40xx_lib.a(mw_usbd_rom_api.o)
 .debug_line    0x00005ac0      0x545 C:\Users\JCT\Documents\MCUXpressoIDE_10.0.2_411\workspace\lpc_chip_40xx\libs\libusbd_40xx_lib.a(hw_usbd_ip3503.o)
 .debug_line    0x00006005      0x2ff C:\Users\JCT\Documents\MCUXpressoIDE_10.0.2_411\workspace\lpc_chip_40xx\libs\libusbd_40xx_lib.a(mw_usbd_cdcuser.o)
 .debug_line    0x00006304      0x4b9 C:\Users\JCT\Documents\MCUXpressoIDE_10.0.2_411\workspace\lpc_chip_40xx\libs\libusbd_40xx_lib.a(mw_usbd_core.o)

.debug_str      0x00000000    0x20185
 .debug_str     0x00000000     0x7b79 ./example/src/cdc_desc.o
                               0x7c0a (size before relaxing)
 .debug_str     0x00007b79    0x145bc ./example/src/cdc_main.o
                              0x1c4a9 (size before relaxing)
 .debug_str     0x0001c135      0x215 ./example/src/cdc_vcom.o
                              0x1c497 (size before relaxing)
 .debug_str     0x0001c34a      0x1d1 ./example/src/cr_startup_lpc40xx.o
                               0x2738 (size before relaxing)
 .debug_str     0x0001c51b       0x19 ./example/src/sysinit.o
                              0x16e7e (size before relaxing)
 .debug_str     0x0001c534     0x15d5 C:\Users\JCT\Documents\MCUXpressoIDE_10.0.2_411\workspace\lpc_board_ea_devkit_4088\Debug\liblpc_board_ea_devkit_4088.a(board.o)
                              0x18695 (size before relaxing)
 .debug_str     0x0001db09      0x67b C:\Users\JCT\Documents\MCUXpressoIDE_10.0.2_411\workspace\lpc_board_ea_devkit_4088\Debug\liblpc_board_ea_devkit_4088.a(board_sysinit.o)
                              0x179f5 (size before relaxing)
 .debug_str     0x0001e184      0x144 C:\Users\JCT\Documents\MCUXpressoIDE_10.0.2_411\workspace\lpc_chip_40xx\Debug\liblpc_chip_40xx.a(chip_17xx_40xx.o)
                              0x1687d (size before relaxing)
 .debug_str     0x0001e2c8      0x62b C:\Users\JCT\Documents\MCUXpressoIDE_10.0.2_411\workspace\lpc_chip_40xx\Debug\liblpc_chip_40xx.a(clock_17xx_40xx.o)
                              0x16d04 (size before relaxing)
 .debug_str     0x0001e8f3      0x4a5 C:\Users\JCT\Documents\MCUXpressoIDE_10.0.2_411\workspace\lpc_chip_40xx\Debug\liblpc_chip_40xx.a(emc_17xx_40xx.o)
                              0x168b4 (size before relaxing)
 .debug_str     0x0001ed98       0xb5 C:\Users\JCT\Documents\MCUXpressoIDE_10.0.2_411\workspace\lpc_chip_40xx\Debug\liblpc_chip_40xx.a(fpu_init.o)
                               0x98e9 (size before relaxing)
 .debug_str     0x0001ee4d       0x46 C:\Users\JCT\Documents\MCUXpressoIDE_10.0.2_411\workspace\lpc_chip_40xx\Debug\liblpc_chip_40xx.a(iocon_17xx_40xx.o)
                              0x16214 (size before relaxing)
 .debug_str     0x0001ee93      0x13d C:\Users\JCT\Documents\MCUXpressoIDE_10.0.2_411\workspace\lpc_chip_40xx\Debug\liblpc_chip_40xx.a(stopwatch_17xx_40xx.o)
                              0x164b4 (size before relaxing)
 .debug_str     0x0001efd0       0x87 C:\Users\JCT\Documents\MCUXpressoIDE_10.0.2_411\workspace\lpc_chip_40xx\Debug\liblpc_chip_40xx.a(sysctl_17xx_40xx.o)
                              0x16607 (size before relaxing)
 .debug_str     0x0001f057       0xda C:\Users\JCT\Documents\MCUXpressoIDE_10.0.2_411\workspace\lpc_chip_40xx\Debug\liblpc_chip_40xx.a(sysinit_17xx_40xx.o)
                              0x164e0 (size before relaxing)
 .debug_str     0x0001f131      0x135 C:\Users\JCT\Documents\MCUXpressoIDE_10.0.2_411\workspace\lpc_chip_40xx\Debug\liblpc_chip_40xx.a(timer_17xx_40xx.o)
                              0x16591 (size before relaxing)
 .debug_str     0x0001f266      0x72c C:\Users\JCT\Documents\MCUXpressoIDE_10.0.2_411\workspace\lpc_chip_40xx\libs\libusbd_40xx_lib.a(mw_usbd_rom_api.o)
                               0x18ed (size before relaxing)
 .debug_str     0x0001f992      0x520 C:\Users\JCT\Documents\MCUXpressoIDE_10.0.2_411\workspace\lpc_chip_40xx\libs\libusbd_40xx_lib.a(hw_usbd_ip3503.o)
                               0x1af0 (size before relaxing)
 .debug_str     0x0001feb2      0x15a C:\Users\JCT\Documents\MCUXpressoIDE_10.0.2_411\workspace\lpc_chip_40xx\libs\libusbd_40xx_lib.a(mw_usbd_cdcuser.o)
                               0x194e (size before relaxing)
 .debug_str     0x0002000c      0x179 C:\Users\JCT\Documents\MCUXpressoIDE_10.0.2_411\workspace\lpc_chip_40xx\libs\libusbd_40xx_lib.a(mw_usbd_core.o)
                               0x19e5 (size before relaxing)

.comment        0x00000000       0xde
 .comment       0x00000000       0x6e ./example/src/cdc_desc.o
                                 0x6f (size before relaxing)
 .comment       0x0000006e       0x6f ./example/src/cdc_main.o
 .comment       0x0000006e       0x6f ./example/src/cdc_vcom.o
 .comment       0x0000006e       0x6f ./example/src/cr_startup_lpc40xx.o
 .comment       0x0000006e       0x6f ./example/src/sysinit.o
 .comment       0x0000006e       0x6f C:\Users\JCT\Documents\MCUXpressoIDE_10.0.2_411\workspace\lpc_board_ea_devkit_4088\Debug\liblpc_board_ea_devkit_4088.a(board.o)
 .comment       0x0000006e       0x6f C:\Users\JCT\Documents\MCUXpressoIDE_10.0.2_411\workspace\lpc_board_ea_devkit_4088\Debug\liblpc_board_ea_devkit_4088.a(board_sysinit.o)
 .comment       0x0000006e       0x6f C:\Users\JCT\Documents\MCUXpressoIDE_10.0.2_411\workspace\lpc_chip_40xx\Debug\liblpc_chip_40xx.a(chip_17xx_40xx.o)
 .comment       0x0000006e       0x6f C:\Users\JCT\Documents\MCUXpressoIDE_10.0.2_411\workspace\lpc_chip_40xx\Debug\liblpc_chip_40xx.a(clock_17xx_40xx.o)
 .comment       0x0000006e       0x6f C:\Users\JCT\Documents\MCUXpressoIDE_10.0.2_411\workspace\lpc_chip_40xx\Debug\liblpc_chip_40xx.a(emc_17xx_40xx.o)
 .comment       0x0000006e       0x6f C:\Users\JCT\Documents\MCUXpressoIDE_10.0.2_411\workspace\lpc_chip_40xx\Debug\liblpc_chip_40xx.a(fpu_init.o)
 .comment       0x0000006e       0x6f C:\Users\JCT\Documents\MCUXpressoIDE_10.0.2_411\workspace\lpc_chip_40xx\Debug\liblpc_chip_40xx.a(iocon_17xx_40xx.o)
 .comment       0x0000006e       0x6f C:\Users\JCT\Documents\MCUXpressoIDE_10.0.2_411\workspace\lpc_chip_40xx\Debug\liblpc_chip_40xx.a(stopwatch_17xx_40xx.o)
 .comment       0x0000006e       0x6f C:\Users\JCT\Documents\MCUXpressoIDE_10.0.2_411\workspace\lpc_chip_40xx\Debug\liblpc_chip_40xx.a(sysctl_17xx_40xx.o)
 .comment       0x0000006e       0x6f C:\Users\JCT\Documents\MCUXpressoIDE_10.0.2_411\workspace\lpc_chip_40xx\Debug\liblpc_chip_40xx.a(sysinit_17xx_40xx.o)
 .comment       0x0000006e       0x6f C:\Users\JCT\Documents\MCUXpressoIDE_10.0.2_411\workspace\lpc_chip_40xx\Debug\liblpc_chip_40xx.a(timer_17xx_40xx.o)
 .comment       0x0000006e       0x70 C:\Users\JCT\Documents\MCUXpressoIDE_10.0.2_411\workspace\lpc_chip_40xx\libs\libusbd_40xx_lib.a(mw_usbd_rom_api.o)
                                 0x71 (size before relaxing)
 .comment       0x000000de       0x71 C:\Users\JCT\Documents\MCUXpressoIDE_10.0.2_411\workspace\lpc_chip_40xx\libs\libusbd_40xx_lib.a(hw_usbd_ip3503.o)
 .comment       0x000000de       0x71 C:\Users\JCT\Documents\MCUXpressoIDE_10.0.2_411\workspace\lpc_chip_40xx\libs\libusbd_40xx_lib.a(mw_usbd_cdcuser.o)
 .comment       0x000000de       0x71 C:\Users\JCT\Documents\MCUXpressoIDE_10.0.2_411\workspace\lpc_chip_40xx\libs\libusbd_40xx_lib.a(mw_usbd_core.o)
 .comment       0x000000de       0x6f c:/system/mcuxpressoide_10.0.2_411/ide/tools/bin/../lib/gcc/arm-none-eabi/5.4.1/../../../../arm-none-eabi/lib/armv7e-m/softfp\libcr_nohost.a(_cr__main.o)
 .comment       0x000000de       0x6f c:/system/mcuxpressoide_10.0.2_411/ide/tools/bin/../lib/gcc/arm-none-eabi/5.4.1/../../../../arm-none-eabi/lib/armv7e-m/softfp\libcr_c.a(memcpy.o)
 .comment       0x000000de       0x6f c:/system/mcuxpressoide_10.0.2_411/ide/tools/bin/../lib/gcc/arm-none-eabi/5.4.1/../../../../arm-none-eabi/lib/armv7e-m/softfp\libcr_c.a(memset.o)
 .comment       0x000000de       0x6f c:/system/mcuxpressoide_10.0.2_411/ide/tools/bin/../lib/gcc/arm-none-eabi/5.4.1/../../../../arm-none-eabi/lib/armv7e-m/softfp\libcr_c.a(ctype.o)
 .comment       0x000000de       0x6f c:/system/mcuxpressoide_10.0.2_411/ide/tools/bin/../lib/gcc/arm-none-eabi/5.4.1/../../../../arm-none-eabi/lib/armv7e-m/softfp\libcr_c.a(fpprintf.o)
 .comment       0x000000de       0x6f c:/system/mcuxpressoide_10.0.2_411/ide/tools/bin/../lib/gcc/arm-none-eabi/5.4.1/../../../../arm-none-eabi/lib/armv7e-m/softfp\libcr_c.a(initio.o)
 .comment       0x000000de       0x6f c:/system/mcuxpressoide_10.0.2_411/ide/tools/bin/../lib/gcc/arm-none-eabi/5.4.1/../../../../arm-none-eabi/lib/armv7e-m/softfp\libcr_c.a(printf.o)
 .comment       0x000000de       0x6f c:/system/mcuxpressoide_10.0.2_411/ide/tools/bin/../lib/gcc/arm-none-eabi/5.4.1/../../../../arm-none-eabi/lib/armv7e-m/softfp\libcr_c.a(setvbuf.o)
 .comment       0x000000de       0x6f c:/system/mcuxpressoide_10.0.2_411/ide/tools/bin/../lib/gcc/arm-none-eabi/5.4.1/../../../../arm-none-eabi/lib/armv7e-m/softfp\libcr_c.a(strlen.o)
 .comment       0x000000de       0x6f c:/system/mcuxpressoide_10.0.2_411/ide/tools/bin/../lib/gcc/arm-none-eabi/5.4.1/../../../../arm-none-eabi/lib/armv7e-m/softfp\libcr_c.a(_deferredlazyseek.o)
 .comment       0x000000de       0x6f c:/system/mcuxpressoide_10.0.2_411/ide/tools/bin/../lib/gcc/arm-none-eabi/5.4.1/../../../../arm-none-eabi/lib/armv7e-m/softfp\libcr_c.a(_fdopen.o)
 .comment       0x000000de       0x6f c:/system/mcuxpressoide_10.0.2_411/ide/tools/bin/../lib/gcc/arm-none-eabi/5.4.1/../../../../arm-none-eabi/lib/armv7e-m/softfp\libcr_c.a(_fflush.o)
 .comment       0x000000de       0x6f c:/system/mcuxpressoide_10.0.2_411/ide/tools/bin/../lib/gcc/arm-none-eabi/5.4.1/../../../../arm-none-eabi/lib/armv7e-m/softfp\libcr_c.a(_frexpl.o)
 .comment       0x000000de       0x6f c:/system/mcuxpressoide_10.0.2_411/ide/tools/bin/../lib/gcc/arm-none-eabi/5.4.1/../../../../arm-none-eabi/lib/armv7e-m/softfp\libcr_c.a(_ldexpl.o)
 .comment       0x000000de       0x6f c:/system/mcuxpressoide_10.0.2_411/ide/tools/bin/../lib/gcc/arm-none-eabi/5.4.1/../../../../arm-none-eabi/lib/armv7e-m/softfp\libcr_c.a(_writebuf.o)
 .comment       0x000000de       0x6f c:/system/mcuxpressoide_10.0.2_411/ide/tools/bin/../lib/gcc/arm-none-eabi/5.4.1/../../../../arm-none-eabi/lib/armv7e-m/softfp\libcr_c.a(alloc.o)
 .comment       0x000000de       0x6f c:/system/mcuxpressoide_10.0.2_411/ide/tools/bin/../lib/gcc/arm-none-eabi/5.4.1/../../../../arm-none-eabi/lib/armv7e-m/softfp\libcr_c.a(errno.o)
 .comment       0x000000de       0x6f c:/system/mcuxpressoide_10.0.2_411/ide/tools/bin/../lib/gcc/arm-none-eabi/5.4.1/../../../../arm-none-eabi/lib/armv7e-m/softfp\libcr_c.a(fclose.o)
 .comment       0x000000de       0x6f c:/system/mcuxpressoide_10.0.2_411/ide/tools/bin/../lib/gcc/arm-none-eabi/5.4.1/../../../../arm-none-eabi/lib/armv7e-m/softfp\libcr_c.a(fflush.o)
 .comment       0x000000de       0x6f c:/system/mcuxpressoide_10.0.2_411/ide/tools/bin/../lib/gcc/arm-none-eabi/5.4.1/../../../../arm-none-eabi/lib/armv7e-m/softfp\libcr_c.a(fseek.o)
 .comment       0x000000de       0x6f c:/system/mcuxpressoide_10.0.2_411/ide/tools/bin/../lib/gcc/arm-none-eabi/5.4.1/../../../../arm-none-eabi/lib/armv7e-m/softfp\libcr_c.a(ftell.o)
 .comment       0x000000de       0x6f c:/system/mcuxpressoide_10.0.2_411/ide/tools/bin/../lib/gcc/arm-none-eabi/5.4.1/../../../../arm-none-eabi/lib/armv7e-m/softfp\libcr_c.a(remove.o)
 .comment       0x000000de       0x6f c:/system/mcuxpressoide_10.0.2_411/ide/tools/bin/../lib/gcc/arm-none-eabi/5.4.1/../../../../arm-none-eabi/lib/armv7e-m/softfp\libcr_c.a(__init_alloc.o)
 .comment       0x000000de       0x6f c:/system/mcuxpressoide_10.0.2_411/ide/tools/bin/../lib/gcc/arm-none-eabi/5.4.1/../../../../arm-none-eabi/lib/armv7e-m/softfp\libcr_c.a(_cr_sbrk.o)
 .comment       0x000000de       0x6f c:/system/mcuxpressoide_10.0.2_411/ide/tools/bin/../lib/gcc/arm-none-eabi/5.4.1/../../../../arm-none-eabi/lib/armv7e-m/softfp\libcr_c.a(_do_fflush.o)
 .comment       0x000000de       0x6f c:/system/mcuxpressoide_10.0.2_411/ide/tools/bin/../lib/gcc/arm-none-eabi/5.4.1/../../../../arm-none-eabi/lib/armv7e-m/softfp\libcr_c.a(_hugeval.o)
 .comment       0x000000de       0x6f c:/system/mcuxpressoide_10.0.2_411/ide/tools/bin/../lib/gcc/arm-none-eabi/5.4.1/../../../../arm-none-eabi/lib/armv7e-m/softfp\libcr_c.a(_cr_check_heap.o)
 .comment       0x000000de       0x6f c:/system/mcuxpressoide_10.0.2_411/ide/tools/bin/../lib/gcc/arm-none-eabi/5.4.1/armv7e-m/softfp\libcr_eabihelpers.a(double.o)
 .comment       0x000000de       0x6f c:/system/mcuxpressoide_10.0.2_411/ide/tools/bin/../lib/gcc/arm-none-eabi/5.4.1/../../../../arm-none-eabi/lib/armv7e-m/softfp\libcr_nohost.a(__ciob.o)
 .comment       0x000000de       0x6f c:/system/mcuxpressoide_10.0.2_411/ide/tools/bin/../lib/gcc/arm-none-eabi/5.4.1/../../../../arm-none-eabi/lib/armv7e-m/softfp\libcr_nohost.a(__sys_appexit.o)
 .comment       0x000000de       0x6f c:/system/mcuxpressoide_10.0.2_411/ide/tools/bin/../lib/gcc/arm-none-eabi/5.4.1/../../../../arm-none-eabi/lib/armv7e-m/softfp\libcr_nohost.a(__sys_close.o)
 .comment       0x000000de       0x6f c:/system/mcuxpressoide_10.0.2_411/ide/tools/bin/../lib/gcc/arm-none-eabi/5.4.1/../../../../arm-none-eabi/lib/armv7e-m/softfp\libcr_nohost.a(__sys_flen.o)
 .comment       0x000000de       0x6f c:/system/mcuxpressoide_10.0.2_411/ide/tools/bin/../lib/gcc/arm-none-eabi/5.4.1/../../../../arm-none-eabi/lib/armv7e-m/softfp\libcr_nohost.a(__sys_istty.o)
 .comment       0x000000de       0x6f c:/system/mcuxpressoide_10.0.2_411/ide/tools/bin/../lib/gcc/arm-none-eabi/5.4.1/../../../../arm-none-eabi/lib/armv7e-m/softfp\libcr_nohost.a(__sys_remove.o)
 .comment       0x000000de       0x6f c:/system/mcuxpressoide_10.0.2_411/ide/tools/bin/../lib/gcc/arm-none-eabi/5.4.1/../../../../arm-none-eabi/lib/armv7e-m/softfp\libcr_nohost.a(__sys_seek.o)
 .comment       0x000000de       0x6f c:/system/mcuxpressoide_10.0.2_411/ide/tools/bin/../lib/gcc/arm-none-eabi/5.4.1/../../../../arm-none-eabi/lib/armv7e-m/softfp\libcr_nohost.a(__sys_tmpnam.o)
 .comment       0x000000de       0x6f c:/system/mcuxpressoide_10.0.2_411/ide/tools/bin/../lib/gcc/arm-none-eabi/5.4.1/../../../../arm-none-eabi/lib/armv7e-m/softfp\libcr_nohost.a(__sys_write.o)

.ARM.attributes
                0x00000000       0x33
 .ARM.attributes
                0x00000000       0x37 ./example/src/cdc_desc.o
 .ARM.attributes
                0x00000037       0x37 ./example/src/cdc_main.o
 .ARM.attributes
                0x0000006e       0x37 ./example/src/cdc_vcom.o
 .ARM.attributes
                0x000000a5       0x37 ./example/src/cr_startup_lpc40xx.o
 .ARM.attributes
                0x000000dc       0x37 ./example/src/sysinit.o
 .ARM.attributes
                0x00000113       0x37 C:\Users\JCT\Documents\MCUXpressoIDE_10.0.2_411\workspace\lpc_board_ea_devkit_4088\Debug\liblpc_board_ea_devkit_4088.a(board.o)
 .ARM.attributes
                0x0000014a       0x37 C:\Users\JCT\Documents\MCUXpressoIDE_10.0.2_411\workspace\lpc_board_ea_devkit_4088\Debug\liblpc_board_ea_devkit_4088.a(board_sysinit.o)
 .ARM.attributes
                0x00000181       0x37 C:\Users\JCT\Documents\MCUXpressoIDE_10.0.2_411\workspace\lpc_chip_40xx\Debug\liblpc_chip_40xx.a(chip_17xx_40xx.o)
 .ARM.attributes
                0x000001b8       0x37 C:\Users\JCT\Documents\MCUXpressoIDE_10.0.2_411\workspace\lpc_chip_40xx\Debug\liblpc_chip_40xx.a(clock_17xx_40xx.o)
 .ARM.attributes
                0x000001ef       0x37 C:\Users\JCT\Documents\MCUXpressoIDE_10.0.2_411\workspace\lpc_chip_40xx\Debug\liblpc_chip_40xx.a(emc_17xx_40xx.o)
 .ARM.attributes
                0x00000226       0x37 C:\Users\JCT\Documents\MCUXpressoIDE_10.0.2_411\workspace\lpc_chip_40xx\Debug\liblpc_chip_40xx.a(fpu_init.o)
 .ARM.attributes
                0x0000025d       0x37 C:\Users\JCT\Documents\MCUXpressoIDE_10.0.2_411\workspace\lpc_chip_40xx\Debug\liblpc_chip_40xx.a(iocon_17xx_40xx.o)
 .ARM.attributes
                0x00000294       0x37 C:\Users\JCT\Documents\MCUXpressoIDE_10.0.2_411\workspace\lpc_chip_40xx\Debug\liblpc_chip_40xx.a(stopwatch_17xx_40xx.o)
 .ARM.attributes
                0x000002cb       0x37 C:\Users\JCT\Documents\MCUXpressoIDE_10.0.2_411\workspace\lpc_chip_40xx\Debug\liblpc_chip_40xx.a(sysctl_17xx_40xx.o)
 .ARM.attributes
                0x00000302       0x37 C:\Users\JCT\Documents\MCUXpressoIDE_10.0.2_411\workspace\lpc_chip_40xx\Debug\liblpc_chip_40xx.a(sysinit_17xx_40xx.o)
 .ARM.attributes
                0x00000339       0x37 C:\Users\JCT\Documents\MCUXpressoIDE_10.0.2_411\workspace\lpc_chip_40xx\Debug\liblpc_chip_40xx.a(timer_17xx_40xx.o)
 .ARM.attributes
                0x00000370       0x37 C:\Users\JCT\Documents\MCUXpressoIDE_10.0.2_411\workspace\lpc_chip_40xx\libs\libusbd_40xx_lib.a(mw_usbd_rom_api.o)
 .ARM.attributes
                0x000003a7       0x37 C:\Users\JCT\Documents\MCUXpressoIDE_10.0.2_411\workspace\lpc_chip_40xx\libs\libusbd_40xx_lib.a(hw_usbd_ip3503.o)
 .ARM.attributes
                0x000003de       0x37 C:\Users\JCT\Documents\MCUXpressoIDE_10.0.2_411\workspace\lpc_chip_40xx\libs\libusbd_40xx_lib.a(mw_usbd_cdcuser.o)
 .ARM.attributes
                0x00000415       0x37 C:\Users\JCT\Documents\MCUXpressoIDE_10.0.2_411\workspace\lpc_chip_40xx\libs\libusbd_40xx_lib.a(mw_usbd_core.o)
 .ARM.attributes
                0x0000044c       0x37 c:/system/mcuxpressoide_10.0.2_411/ide/tools/bin/../lib/gcc/arm-none-eabi/5.4.1/../../../../arm-none-eabi/lib/armv7e-m/softfp\libcr_nohost.a(_cr__main.o)
 .ARM.attributes